<html>
<body>
<pre>
<h1>µVision Build Log</h1>
<h2>Project:</h2>
D:\TU LIEU HOC TAP\TM4C\FIMWARE M4\SHC211\SHC211.uvproj
Project File Date:  01/04/2019

<h2>Output:</h2>
Rebuild target 'Target 1'
compiling can.c...
compiling display.c...
compiling function.c...
compiling main.c...
compiling scroll_h.c...
compiling scroll_v.c...
compiling sysclock.c...
assembling startup_rvmdk.S...
linking...
Program Size: Code=8924 RO-data=18004 RW-data=940 ZI-data=1580  
".\out\SHC211.axf" - 0 Error(s), 0 Warning(s).
Load "D:\\TU LIEU HOC TAP\\TM4C\\FIMWARE M4\\SHC211\\out\\SHC211.axf" 
Set JLink Project File to "D:\TU LIEU HOC TAP\TM4C\FIMWARE M4\SHC211\JLinkSettings.ini"
* JLink Info: Device "TM4C123AE6PM" selected (128 KB flash, 32 KB RAM).
 
JLink info:
------------
DLL: V4.80g, compiled Feb 13 2014 20:50:02
Firmware: J-Link ARM V8 compiled Dec  1 2015 11:42:48
Hardware: V8.00
S/N : 20080643 
Feature(s) : RDI,FlashDL,FlashBP,JFlash,GDBFull 
 
***JLink Error: Supply voltage too low (1 Volt is required, Measured: 0.0 Volt).
Please check target power.
Error: Flash Download failed  -  Target DLL has been cancelled
</pre>
</body>
</html>
