Product: MDK-ARM Standard 5.10
Component: ARM Compiler 5.04 update 1 (build 49)
Tool: armlink [5040049]

==============================================================================

Section Cross References

    can.o(.text) refers to can.o(i.CANIntStatus) for CANIntStatus
    can.o(.text) refers to can.o(i.CANStatusGet) for CANStatusGet
    can.o(.text) refers to can.o(i.CANIntClear) for CANIntClear
    can.o(.text) refers to can.o(i.CANMessageGet) for CANMessageGet
    can.o(.text) refers to can.o(i.CANMessageSet) for CANMessageSet
    can.o(.text) refers to sysctl.o(i.SysCtlPeripheralEnable) for SysCtlPeripheralEnable
    can.o(.text) refers to gpio.o(i.GPIOPinConfigure) for GPIOPinConfigure
    can.o(.text) refers to gpio.o(i.GPIOPinTypeCAN) for GPIOPinTypeCAN
    can.o(.text) refers to can.o(i.CANInit) for CANInit
    can.o(.text) refers to sysctl.o(i.SysCtlClockGet) for SysCtlClockGet
    can.o(.text) refers to can.o(i.CANBitRateSet) for CANBitRateSet
    can.o(.text) refers to can.o(i.CANEnable) for CANEnable
    can.o(.text) refers to can.o(i.CANIntEnable) for CANIntEnable
    can.o(.text) refers to interrupt.o(i.IntEnable) for IntEnable
    can.o(.text) refers to can.o(.data) for .data
    can.o(.text) refers to can.o(.bss) for .bss
    can.o(.text) refers to main.o(.constdata) for MASK
    can.o(.text) refers to function.o(.data) for ulTimerCAN0Tx
    display.o(.text) refers to gpio.o(i.GPIOPinWrite) for GPIOPinWrite
    display.o(.text) refers to display.o(.data) for .data
    display.o(.text) refers to display.o(.bss) for .bss
    display.o(.text) refers to scroll_v.o(.text) for ucScrollNumberV
    display.o(.text) refers to can.o(.data) for xData
    display.o(.text) refers to function.o(.data) for ulPWMSet
    display.o(.text) refers to main.o(.constdata) for MASK
    display.o(.data) refers to display.o(.constdata) for uiStringTamDung
    display.o(.data) refers to display.o(.constdata) for uiStringKiemTraThang
    display.o(.data) refers to display.o(.constdata) for uiStringCuuHo
    display.o(.data) refers to display.o(.constdata) for uiStringCuuHoa
    display.o(.data) refers to display.o(.constdata) for uiStringQuaTai
    display.o(.data) refers to display.o(.constdata) for uiStringReset
    display.o(.data) refers to display.o(.constdata) for uiStringDongDat
    display.o(.data) refers to display.o(.constdata) for uiStringDangSuDung
    display.o(.data) refers to display.o(.constdata) for uiStringDayTai
    function.o(.text) refers to gpio.o(i.GPIOPinRead) for GPIOPinRead
    function.o(.text) refers to sysctl.o(i.SysCtlPeripheralReset) for SysCtlPeripheralReset
    function.o(.text) refers to can.o(.text) for vCANConfig
    function.o(.text) refers to display.o(.text) for vScanled
    function.o(.text) refers to function.o(.bss) for .bss
    function.o(.text) refers to function.o(.data) for .data
    function.o(.text) refers to can.o(.data) for ucCANBusoff
    function.o(.text) refers to main.o(.constdata) for MASK
    function.o(.text) refers to can.o(.data) for ucCAN0TxFlag
    function.o(.text) refers to can.o(.data) for ucPos
    function.o(.text) refers to function.o(.constdata) for .constdata
    function.o(.text) refers to display.o(.data) for ulNumberDelay
    function.o(.text) refers to display.o(.data) for ulArrowDelay
    function.o(.text) refers to display.o(.data) for ulStringDelay
    main.o(.text) refers to watchdog.o(i.WatchdogIntClear) for WatchdogIntClear
    main.o(.text) refers to sysctl.o(i.SysCtlPeripheralEnable) for SysCtlPeripheralEnable
    main.o(.text) refers to interrupt.o(i.IntEnable) for IntEnable
    main.o(.text) refers to sysctl.o(i.SysCtlClockGet) for SysCtlClockGet
    main.o(.text) refers to watchdog.o(i.WatchdogReloadSet) for WatchdogReloadSet
    main.o(.text) refers to watchdog.o(i.WatchdogResetEnable) for WatchdogResetEnable
    main.o(.text) refers to watchdog.o(i.WatchdogEnable) for WatchdogEnable
    main.o(.text) refers to sysctl.o(i.SysCtlClockSet) for SysCtlClockSet
    main.o(.text) refers to gpio.o(i.GPIOPinTypeGPIOOutput) for GPIOPinTypeGPIOOutput
    main.o(.text) refers to gpio.o(i.GPIOPinWrite) for GPIOPinWrite
    main.o(.text) refers to gpio.o(i.GPIOPinTypeGPIOInput) for GPIOPinTypeGPIOInput
    main.o(.text) refers to gpio.o(i.GPIOPadConfigSet) for GPIOPadConfigSet
    main.o(.text) refers to display.o(.text) for vDispConfig
    main.o(.text) refers to can.o(.text) for vCANConfig
    main.o(.text) refers to sysclock.o(.text) for vSysTickConfig
    main.o(.text) refers to systick.o(i.SysTickEnable) for SysTickEnable
    main.o(.text) refers to interrupt.o(i.IntMasterEnable) for IntMasterEnable
    main.o(.text) refers to function.o(.text) for vPoll
    main.o(.text) refers to main.o(.data) for .data
    scroll_h.o(.text) refers to can.o(.data) for xData
    scroll_h.o(.text) refers to main.o(.constdata) for MASK
    scroll_h.o(.text) refers to display.o(.bss) for xArrow
[...]
    Removing gpio.o(i.GPIOPinTypeOneWire), (28 bytes).
    Removing gpio.o(i.GPIOPinTypePWM), (28 bytes).
    Removing gpio.o(i.GPIOPinTypeQEI), (28 bytes).
    Removing gpio.o(i.GPIOPinTypeSSI), (28 bytes).
    Removing gpio.o(i.GPIOPinTypeTimer), (28 bytes).
    Removing gpio.o(i.GPIOPinTypeTrace), (28 bytes).
    Removing gpio.o(i.GPIOPinTypeUART), (28 bytes).
    Removing gpio.o(i.GPIOPinTypeUSBAnalog), (28 bytes).
    Removing gpio.o(i.GPIOPinTypeUSBDigital), (28 bytes).
    Removing gpio.o(i.GPIOPinTypeWakeHigh), (30 bytes).
    Removing gpio.o(i.GPIOPinTypeWakeLow), (30 bytes).
    Removing gpio.o(i.GPIOPinWakeStatus), (6 bytes).
    Removing gpio.o(i._GPIOIntNumberGet), (80 bytes).
    Removing interrupt.o(i.IntDisable), (100 bytes).
    Removing interrupt.o(i.IntIsEnabled), (96 bytes).
    Removing interrupt.o(i.IntMasterDisable), (14 bytes).
    Removing interrupt.o(i.IntPendClear), (68 bytes).
    Removing interrupt.o(i.IntPendSet), (84 bytes).
    Removing interrupt.o(i.IntPriorityGet), (28 bytes).
    Removing interrupt.o(i.IntPriorityGroupingGet), (36 bytes).
    Removing interrupt.o(i.IntPriorityGroupingSet), (28 bytes).
    Removing interrupt.o(i.IntPriorityMaskGet), (4 bytes).
    Removing interrupt.o(i.IntPriorityMaskSet), (4 bytes).
    Removing interrupt.o(i.IntPrioritySet), (40 bytes).
    Removing interrupt.o(i.IntRegister), (52 bytes).
    Removing interrupt.o(i.IntTrigger), (12 bytes).
    Removing interrupt.o(i.IntUnregister), (20 bytes).
    Removing interrupt.o(i._IntDefaultHandler), (2 bytes).
    Removing interrupt.o(vtable), (620 bytes).
    Removing sysctl.o(i.SysCtlAltClkConfig), (12 bytes).
    Removing sysctl.o(i.SysCtlClockFreqSet), (740 bytes).
    Removing sysctl.o(i.SysCtlClockOutConfig), (20 bytes).
    Removing sysctl.o(i.SysCtlDeepSleep), (32 bytes).
    Removing sysctl.o(i.SysCtlDeepSleepClockConfigSet), (112 bytes).
    Removing sysctl.o(i.SysCtlDeepSleepClockSet), (12 bytes).
    Removing sysctl.o(i.SysCtlDeepSleepPowerSet), (12 bytes).
    Removing sysctl.o(i.SysCtlFlashSectorSizeGet), (56 bytes).
    Removing sysctl.o(i.SysCtlFlashSizeGet), (56 bytes).
    Removing sysctl.o(i.SysCtlGPIOAHBDisable), (28 bytes).
    Removing sysctl.o(i.SysCtlGPIOAHBEnable), (24 bytes).
    Removing sysctl.o(i.SysCtlIntClear), (12 bytes).
    Removing sysctl.o(i.SysCtlIntDisable), (16 bytes).
    Removing sysctl.o(i.SysCtlIntEnable), (16 bytes).
    Removing sysctl.o(i.SysCtlIntRegister), (20 bytes).
    Removing sysctl.o(i.SysCtlIntStatus), (16 bytes).
    Removing sysctl.o(i.SysCtlIntUnregister), (18 bytes).
    Removing sysctl.o(i.SysCtlLDODeepSleepGet), (12 bytes).
    Removing sysctl.o(i.SysCtlLDODeepSleepSet), (12 bytes).
    Removing sysctl.o(i.SysCtlLDOSleepGet), (12 bytes).
    Removing sysctl.o(i.SysCtlLDOSleepSet), (12 bytes).
    Removing sysctl.o(i.SysCtlMOSCConfigSet), (12 bytes).
    Removing sysctl.o(i.SysCtlNMIClear), (16 bytes).
    Removing sysctl.o(i.SysCtlNMIStatus), (12 bytes).
    Removing sysctl.o(i.SysCtlPIOSCCalibrate), (76 bytes).
    Removing sysctl.o(i.SysCtlPWMClockGet), (24 bytes).
    Removing sysctl.o(i.SysCtlPWMClockSet), (20 bytes).
    Removing sysctl.o(i.SysCtlPeripheralClockGating), (68 bytes).
    Removing sysctl.o(i.SysCtlPeripheralDeepSleepDisable), (40 bytes).
    Removing sysctl.o(i.SysCtlPeripheralDeepSleepEnable), (40 bytes).
    Removing sysctl.o(i.SysCtlPeripheralDisable), (40 bytes).
    Removing sysctl.o(i.SysCtlPeripheralPowerOff), (40 bytes).
    Removing sysctl.o(i.SysCtlPeripheralPowerOn), (40 bytes).
    Removing sysctl.o(i.SysCtlPeripheralPresent), (44 bytes).
    Removing sysctl.o(i.SysCtlPeripheralReady), (44 bytes).
    Removing sysctl.o(i.SysCtlPeripheralSleepDisable), (40 bytes).
    Removing sysctl.o(i.SysCtlPeripheralSleepEnable), (40 bytes).
    Removing sysctl.o(i.SysCtlReset), (16 bytes).
    Removing sysctl.o(i.SysCtlResetBehaviorGet), (12 bytes).
    Removing sysctl.o(i.SysCtlResetBehaviorSet), (12 bytes).
    Removing sysctl.o(i.SysCtlResetCauseClear), (16 bytes).
    Removing sysctl.o(i.SysCtlResetCauseGet), (12 bytes).
    Removing sysctl.o(i.SysCtlSRAMSizeGet), (16 bytes).
    Removing sysctl.o(i.SysCtlSleep), (4 bytes).
    Removing sysctl.o(i.SysCtlSleepPowerSet), (12 bytes).
    Removing sysctl.o(i.SysCtlUSBPLLDisable), (16 bytes).
    Removing sysctl.o(i.SysCtlUSBPLLEnable), (16 bytes).
    Removing sysctl.o(i.SysCtlVCOGet), (120 bytes).
    Removing sysctl.o(i.SysCtlVoltageEventClear), (16 bytes).
    Removing sysctl.o(i.SysCtlVoltageEventConfig), (12 bytes).
    Removing sysctl.o(i.SysCtlVoltageEventStatus), (12 bytes).
    Removing systick.o(i.SysTickDisable), (14 bytes).
    Removing systick.o(i.SysTickIntDisable), (14 bytes).
    Removing systick.o(i.SysTickIntRegister), (24 bytes).
    Removing systick.o(i.SysTickIntUnregister), (18 bytes).
    Removing systick.o(i.SysTickPeriodGet), (10 bytes).
    Removing systick.o(i.SysTickValueGet), (8 bytes).
    Removing watchdog.o(i.WatchdogIntEnable), (10 bytes).
    Removing watchdog.o(i.WatchdogIntRegister), (18 bytes).
    Removing watchdog.o(i.WatchdogIntStatus), (10 bytes).
    Removing watchdog.o(i.WatchdogIntTypeSet), (12 bytes).
    Removing watchdog.o(i.WatchdogIntUnregister), (18 bytes).
    Removing watchdog.o(i.WatchdogLock), (8 bytes).
    Removing watchdog.o(i.WatchdogLockState), (12 bytes).
    Removing watchdog.o(i.WatchdogReloadGet), (4 bytes).
    Removing watchdog.o(i.WatchdogResetDisable), (10 bytes).
    Removing watchdog.o(i.WatchdogRunning), (8 bytes).
    Removing watchdog.o(i.WatchdogStallDisable), (14 bytes).
    Removing watchdog.o(i.WatchdogStallEnable), (14 bytes).
    Removing watchdog.o(i.WatchdogUnlock), (12 bytes).
    Removing watchdog.o(i.WatchdogValueGet), (4 bytes).

237 unused section(s) (total 13986 bytes) removed from the image.

==============================================================================

Image Symbol Table

    Local Symbols

    Symbol Name                              Value     Ov Type        Size  Object(Section)

    RESET                                    0x00000000   Section      648  startup_rvmdk.o(RESET)
    ../clib/angel/boardlib.s                 0x00000000   Number         0  boardinit2.o ABSOLUTE
    ../clib/angel/boardlib.s                 0x00000000   Number         0  boardinit3.o ABSOLUTE
    ../clib/angel/boardlib.s                 0x00000000   Number         0  boardshut.o ABSOLUTE
    ../clib/angel/boardlib.s                 0x00000000   Number         0  boardinit1.o ABSOLUTE
    ../clib/angel/dczerorl2.s                0x00000000   Number         0  __dczerorl2.o ABSOLUTE
    ../clib/angel/handlers.s                 0x00000000   Number         0  __scatter_zi.o ABSOLUTE
    ../clib/angel/kernel.s                   0x00000000   Number         0  rtentry2.o ABSOLUTE
    ../clib/angel/kernel.s                   0x00000000   Number         0  rtentry.o ABSOLUTE
    ../clib/angel/kernel.s                   0x00000000   Number         0  rtexit2.o ABSOLUTE
    ../clib/angel/kernel.s                   0x00000000   Number         0  rtexit.o ABSOLUTE
    ../clib/angel/kernel.s                   0x00000000   Number         0  rtentry4.o ABSOLUTE
    ../clib/angel/rt.s                       0x00000000   Number         0  rt_raise.o ABSOLUTE
    ../clib/angel/scatter.s                  0x00000000   Number         0  __scatter.o ABSOLUTE
    ../clib/angel/startup.s                  0x00000000   Number         0  __main.o ABSOLUTE
    ../clib/angel/sys.s                      0x00000000   Number         0  indicate_semi.o ABSOLUTE
    ../clib/angel/sys.s                      0x00000000   Number         0  use_no_semi.o ABSOLUTE
    ../clib/angel/sys.s                      0x00000000   Number         0  sys_stackheap_outer.o ABSOLUTE
    ../clib/angel/sys.s                      0x00000000   Number         0  libspace.o ABSOLUTE
    ../clib/angel/sysapp.c                   0x00000000   Number         0  sys_exit.o ABSOLUTE
    ../clib/angel/sysapp.c                   0x00000000   Number         0  sys_wrch.o ABSOLUTE
    ../clib/angel/sysapp.c                   0x00000000   Number         0  sys_command.o ABSOLUTE
    ../clib/armsys.c                         0x00000000   Number         0  _get_argv_nomalloc.o ABSOLUTE
    ../clib/armsys.c                         0x00000000   Number         0  no_argv.o ABSOLUTE
    ../clib/armsys.c                         0x00000000   Number         0  argv_veneer.o ABSOLUTE
    ../clib/armsys.c                         0x00000000   Number         0  argv_veneer.o ABSOLUTE
    ../clib/heapalloc.c                      0x00000000   Number         0  hrguard.o ABSOLUTE
    ../clib/heapaux.c                        0x00000000   Number         0  heapauxi.o ABSOLUTE
    ../clib/libinit.s                        0x00000000   Number         0  libinit.o ABSOLUTE
    ../clib/libinit.s                        0x00000000   Number         0  libinit2.o ABSOLUTE
    ../clib/libinit.s                        0x00000000   Number         0  libshutdown2.o ABSOLUTE
    ../clib/libinit.s                        0x00000000   Number         0  libshutdown.o ABSOLUTE
    ../clib/signal.c                         0x00000000   Number         0  defsig_rtred_inner.o ABSOLUTE
    ../clib/signal.c                         0x00000000   Number         0  defsig_fpe_inner.o ABSOLUTE
    ../clib/signal.c                         0x00000000   Number         0  defsig_cppl_inner.o ABSOLUTE
    ../clib/signal.c                         0x00000000   Number         0  defsig_rtmem_formal.o ABSOLUTE
    ../clib/signal.c                         0x00000000   Number         0  defsig_exit.o ABSOLUTE
    ../clib/signal.c                         0x00000000   Number         0  defsig_rtmem_inner.o ABSOLUTE
    ../clib/signal.c                         0x00000000   Number         0  __raise.o ABSOLUTE
    ../clib/signal.c                         0x00000000   Number         0  defsig_general.o ABSOLUTE
    ../clib/signal.c                         0x00000000   Number         0  defsig_rtmem_outer.o ABSOLUTE
    ../clib/signal.c                         0x00000000   Number         0  defsig_other.o ABSOLUTE
    ../clib/signal.c                         0x00000000   Number         0  defsig_segv_inner.o ABSOLUTE
    ../clib/signal.c                         0x00000000   Number         0  defsig_abrt_inner.o ABSOLUTE
    ../clib/signal.c                         0x00000000   Number         0  defsig_pvfn_inner.o ABSOLUTE
    ../clib/signal.c                         0x00000000   Number         0  defsig_stak_inner.o ABSOLUTE
    ../clib/signal.s                         0x00000000   Number         0  defsig.o ABSOLUTE
    ../clib/stdlib.c                         0x00000000   Number         0  exit.o ABSOLUTE
    ../fplib/fpinit.s                        0x00000000   Number         0  fpinit.o ABSOLUTE
    can.c                                    0x00000000   Number         0  can.o ABSOLUTE
    can.c                                    0x00000000   Number         0  can.o ABSOLUTE
    cpu.c                                    0x00000000   Number         0  cpu.o ABSOLUTE
    cpu.c                                    0x00000000   Number         0  cpu.o ABSOLUTE
    dc.s                                     0x00000000   Number         0  dc.o ABSOLUTE
    display.c                                0x00000000   Number         0  display.o ABSOLUTE
    function.c                               0x00000000   Number         0  function.o ABSOLUTE
    gpio.c                                   0x00000000   Number         0  gpio.o ABSOLUTE
    interrupt.c                              0x00000000   Number         0  interrupt.o ABSOLUTE
    main.c                                   0x00000000   Number         0  main.o ABSOLUTE
    scroll_h.c                               0x00000000   Number         0  scroll_h.o ABSOLUTE
    scroll_v.c                               0x00000000   Number         0  scroll_v.o ABSOLUTE
    startup_rvmdk.S                          0x00000000   Number         0  startup_rvmdk.o ABSOLUTE
    sysclock.c                               0x00000000   Number         0  sysclock.o ABSOLUTE
    sysctl.c                                 0x00000000   Number         0  sysctl.o ABSOLUTE
    sysctl.c                                 0x00000000   Number         0  sysctl.o ABSOLUTE
    systick.c                                0x00000000   Number         0  systick.o ABSOLUTE
    watchdog.c                               0x00000000   Number         0  watchdog.o ABSOLUTE
    $v0                                      0x0000026c   Number         0  startup_rvmdk.o(RESET)
    NmiSR                                    0x00000281   Thumb Code     0  startup_rvmdk.o(RESET)
    FaultISR                                 0x00000283   Thumb Code     0  startup_rvmdk.o(RESET)
    IntDefaultHandler                        0x00000285   Thumb Code     0  startup_rvmdk.o(RESET)
    !!!main                                  0x00000288   Section        8  __main.o(!!!main)
    !!!scatter                               0x00000290   Section       52  __scatter.o(!!!scatter)
    !!dczerorl2                              0x000002c4   Section       90  __dczerorl2.o(!!dczerorl2)
    !!handler_zi                             0x00000320   Section       28  __scatter_zi.o(!!handler_zi)
    .ARM.Collect$$libinit$$00000000          0x0000033c   Section        2  libinit.o(.ARM.Collect$$libinit$$00000000)
    .ARM.Collect$$libinit$$00000001          0x0000033e   Section        4  libinit2.o(.ARM.Collect$$libinit$$00000001)
    .ARM.Collect$$libinit$$00000008          0x00000342   Section        0  libinit2.o(.ARM.Collect$$libinit$$00000008)
    .ARM.Collect$$libinit$$0000000A          0x00000342   Section        0  libinit2.o(.ARM.Collect$$libinit$$0000000A)
    .ARM.Collect$$libinit$$0000000C          0x00000342   Section        0  libinit2.o(.ARM.Collect$$libinit$$0000000C)
    .ARM.Collect$$libinit$$0000000F          0x00000342   Section        0  libinit2.o(.ARM.Collect$$libinit$$0000000F)
    .ARM.Collect$$libinit$$00000011          0x00000342   Section        0  libinit2.o(.ARM.Collect$$libinit$$00000011)
    .ARM.Collect$$libinit$$00000013          0x00000342   Section        0  libinit2.o(.ARM.Collect$$libinit$$00000013)
    .ARM.Collect$$libinit$$00000015          0x00000342   Section        0  libinit2.o(.ARM.Collect$$libinit$$00000015)
    .ARM.Collect$$libinit$$00000017          0x00000342   Section        0  libinit2.o(.ARM.Collect$$libinit$$00000017)
    .ARM.Collect$$libinit$$00000019          0x00000342   Section        0  libinit2.o(.ARM.Collect$$libinit$$00000019)
    .ARM.Collect$$libinit$$0000001B          0x00000342   Section        0  libinit2.o(.ARM.Collect$$libinit$$0000001B)
    .ARM.Collect$$libinit$$0000001D          0x00000342   Section        0  libinit2.o(.ARM.Collect$$libinit$$0000001D)
    .ARM.Collect$$libinit$$0000001F          0x00000342   Section        0  libinit2.o(.ARM.Collect$$libinit$$0000001F)
    .ARM.Collect$$libinit$$00000021          0x00000342   Section        0  libinit2.o(.ARM.Collect$$libinit$$00000021)
    .ARM.Collect$$libinit$$00000023          0x00000342   Section        0  libinit2.o(.ARM.Collect$$libinit$$00000023)
    .ARM.Collect$$libinit$$0000002A          0x00000342   Section        0  libinit2.o(.ARM.Collect$$libinit$$0000002A)
    .ARM.Collect$$libinit$$0000002C          0x00000342   Section        0  libinit2.o(.ARM.Collect$$libinit$$0000002C)
    .ARM.Collect$$libinit$$0000002E          0x00000342   Section        0  libinit2.o(.ARM.Collect$$libinit$$0000002E)
    .ARM.Collect$$libinit$$00000030          0x00000342   Section        0  libinit2.o(.ARM.Collect$$libinit$$00000030)
    .ARM.Collect$$libinit$$00000031          0x00000342   Section        2  libinit2.o(.ARM.Collect$$libinit$$00000031)
    .ARM.Collect$$libshutdown$$00000000      0x00000344   Section        2  libshutdown.o(.ARM.Collect$$libshutdown$$00000000)
    .ARM.Collect$$libshutdown$$00000003      0x00000346   Section        0  libshutdown2.o(.ARM.Collect$$libshutdown$$00000003)
    .ARM.Collect$$libshutdown$$00000006      0x00000346   Section        0  libshutdown2.o(.ARM.Collect$$libshutdown$$00000006)
    .ARM.Collect$$libshutdown$$00000009      0x00000346   Section        0  libshutdown2.o(.ARM.Collect$$libshutdown$$00000009)
    .ARM.Collect$$libshutdown$$0000000B      0x00000346   Section        0  libshutdown2.o(.ARM.Collect$$libshutdown$$0000000B)
    .ARM.Collect$$libshutdown$$0000000E      0x00000346   Section        0  libshutdown2.o(.ARM.Collect$$libshutdown$$0000000E)
    .ARM.Collect$$libshutdown$$0000000F      0x00000346   Section        2  libshutdown2.o(.ARM.Collect$$libshutdown$$0000000F)
    .ARM.Collect$$rtentry$$00000000          0x00000348   Section        0  rtentry.o(.ARM.Collect$$rtentry$$00000000)
    .ARM.Collect$$rtentry$$00000002          0x00000348   Section        0  rtentry2.o(.ARM.Collect$$rtentry$$00000002)
    .ARM.Collect$$rtentry$$00000004          0x00000348   Section        6  rtentry4.o(.ARM.Collect$$rtentry$$00000004)
    .ARM.Collect$$rtentry$$00000009          0x0000034e   Section        0  rtentry2.o(.ARM.Collect$$rtentry$$00000009)
    .ARM.Collect$$rtentry$$0000000A          0x0000034e   Section        4  rtentry2.o(.ARM.Collect$$rtentry$$0000000A)
    .ARM.Collect$$rtentry$$0000000C          0x00000352   Section        0  rtentry2.o(.ARM.Collect$$rtentry$$0000000C)
    .ARM.Collect$$rtentry$$0000000D          0x00000352   Section        8  rtentry2.o(.ARM.Collect$$rtentry$$0000000D)
    .ARM.Collect$$rtexit$$00000000           0x0000035a   Section        2  rtexit.o(.ARM.Collect$$rtexit$$00000000)
    .ARM.Collect$$rtexit$$00000002           0x0000035c   Section        0  rtexit2.o(.ARM.Collect$$rtexit$$00000002)
    .ARM.Collect$$rtexit$$00000003           0x0000035c   Section        4  rtexit2.o(.ARM.Collect$$rtexit$$00000003)
    .ARM.Collect$$rtexit$$00000004           0x00000360   Section        6  rtexit2.o(.ARM.Collect$$rtexit$$00000004)
    .emb_text                                0x00000368   Section        6  sysctl.o(.emb_text)
    $v0                                      0x00000368   Number         0  sysctl.o(.emb_text)
    .emb_text                                0x00000370   Section       38  cpu.o(.emb_text)
    $v0                                      0x00000370   Number         0  cpu.o(.emb_text)
    .text                                    0x00000398   Section        0  can.o(.text)
    .text                                    0x000006dc   Section        0  display.o(.text)
    .text                                    0x000009cc   Section        0  function.o(.text)
    .text                                    0x00000d4c   Section        0  main.o(.text)
    .text                                    0x0000109c   Section        0  scroll_v.o(.text)
    .text                                    0x00001418   Section        0  sysclock.o(.text)
    .text                                    0x00001430   Section       24  startup_rvmdk.o(.text)
    $v0                                      0x00001430   Number         0  startup_rvmdk.o(.text)
    .text                                    0x00001448   Section        0  heapauxi.o(.text)
    .text                                    0x0000144e   Section       74  sys_stackheap_outer.o(.text)
    .text                                    0x00001498   Section        0  exit.o(.text)
    .text                                    0x000014a4   Section        8  libspace.o(.text)
    .text                                    0x000014ac   Section        0  sys_exit.o(.text)
    .text                                    0x000014b8   Section        2  use_no_semi.o(.text)
    .text                                    0x000014ba   Section        0  indicate_semi.o(.text)
    i.CANBitRateSet                          0x000014bc   Section        0  can.o(i.CANBitRateSet)
    i.CANEnable                              0x0000152c   Section        0  can.o(i.CANEnable)
    i.CANInit                                0x00001536   Section        0  can.o(i.CANInit)
    i.CANIntClear                            0x00001578   Section        0  can.o(i.CANIntClear)
    i.CANIntEnable                           0x0000159e   Section        0  can.o(i.CANIntEnable)
    i.CANIntStatus                           0x000015a6   Section        0  can.o(i.CANIntStatus)
    i.CANMessageGet                          0x000015c6   Section        0  can.o(i.CANMessageGet)
    i.CANMessageSet                          0x00001740   Section        0  can.o(i.CANMessageSet)
    i.CANStatusGet                           0x000018a6   Section        0  can.o(i.CANStatusGet)
    i.GPIODirModeSet                         0x000018ea   Section        0  gpio.o(i.GPIODirModeSet)
    i.GPIOPadConfigSet                       0x00001912   Section        0  gpio.o(i.GPIOPadConfigSet)
    i.GPIOPinConfigure                       0x00001a4c   Section        0  gpio.o(i.GPIOPinConfigure)
    i.GPIOPinRead                            0x00001a90   Section        0  gpio.o(i.GPIOPinRead)
    i.GPIOPinTypeCAN                         0x00001a96   Section        0  gpio.o(i.GPIOPinTypeCAN)
    i.GPIOPinTypeGPIOInput                   0x00001ab2   Section        0  gpio.o(i.GPIOPinTypeGPIOInput)
    i.GPIOPinTypeGPIOOutput                  0x00001ace   Section        0  gpio.o(i.GPIOPinTypeGPIOOutput)
    i.GPIOPinWrite                           0x00001aea   Section        0  gpio.o(i.GPIOPinWrite)
    i.IntEnable                              0x00001af0   Section        0  interrupt.o(i.IntEnable)
    i.IntMasterEnable                        0x00001b54   Section        0  interrupt.o(i.IntMasterEnable)
    i.SysCtlClockGet                         0x00001b64   Section        0  sysctl.o(i.SysCtlClockGet)
    i.SysCtlClockSet                         0x00001cb8   Section        0  sysctl.o(i.SysCtlClockSet)
    i.SysCtlPeripheralEnable                 0x00001dd8   Section        0  sysctl.o(i.SysCtlPeripheralEnable)
    i.SysCtlPeripheralReset                  0x00001e00   Section        0  sysctl.o(i.SysCtlPeripheralReset)
    i.SysTickEnable                          0x00001e3c   Section        0  systick.o(i.SysTickEnable)
    i.SysTickIntEnable                       0x00001e4a   Section        0  systick.o(i.SysTickIntEnable)
    i.SysTickPeriodSet                       0x00001e58   Section        0  systick.o(i.SysTickPeriodSet)
    i.WatchdogEnable                         0x00001e62   Section        0  watchdog.o(i.WatchdogEnable)
    i.WatchdogIntClear                       0x00001e6c   Section        0  watchdog.o(i.WatchdogIntClear)
    i.WatchdogReloadSet                      0x00001e72   Section        0  watchdog.o(i.WatchdogReloadSet)
    i.WatchdogResetEnable                    0x00001e76   Section        0  watchdog.o(i.WatchdogResetEnable)
    x$fpl$fpinit                             0x00001e80   Section       10  fpinit.o(x$fpl$fpinit)
    $v0                                      0x00001e80   Number         0  fpinit.o(x$fpl$fpinit)
    .constdata                               0x00001e8c   Section      484  display.o(.constdata)
    .constdata                               0x00002070   Section      400  display.o(.constdata)
    .constdata                               0x00002200   Section      328  display.o(.constdata)
    .constdata                               0x00002348   Section      332  display.o(.constdata)
    .constdata                               0x00002494   Section      312  display.o(.constdata)
    .constdata                               0x000025cc   Section      292  display.o(.constdata)
    .constdata                               0x000026f0   Section      360  display.o(.constdata)
    .constdata                               0x00002858   Section      288  display.o(.constdata)
    .constdata                               0x00002978   Section      288  display.o(.constdata)
    .constdata                               0x00002a98   Section      552  function.o(.constdata)
    .constdata                               0x00002cc0   Section      128  main.o(.constdata)
    .constdata                               0x00002d40   Section       64  scroll_v.o(.constdata)
    .constdata                               0x00002d80   Section       64  scroll_v.o(.constdata)
    .constdata                               0x00002dc0   Section       64  scroll_v.o(.constdata)
    .constdata                               0x00002e00   Section       64  scroll_v.o(.constdata)
    .constdata                               0x00002e40   Section       64  scroll_v.o(.constdata)
    .constdata                               0x00002e80   Section       64  scroll_v.o(.constdata)
    .constdata                               0x00002ec0   Section       64  scroll_v.o(.constdata)
    .constdata                               0x00002f00   Section       64  scroll_v.o(.constdata)
    .constdata                               0x00002f40   Section       64  scroll_v.o(.constdata)
    .constdata                               0x00002f80   Section       64  scroll_v.o(.constdata)
    .constdata                               0x00002fc0   Section       64  scroll_v.o(.constdata)
    .constdata                               0x00003000   Section       64  scroll_v.o(.constdata)
    .constdata                               0x00003040   Section       64  scroll_v.o(.constdata)
    .constdata                               0x00003080   Section       64  scroll_v.o(.constdata)
    .constdata                               0x000030c0   Section       64  scroll_v.o(.constdata)
    .constdata                               0x00003100   Section       64  scroll_v.o(.constdata)
    .constdata                               0x00003140   Section       64  scroll_v.o(.constdata)
    .constdata                               0x00003180   Section       64  scroll_v.o(.constdata)
    .constdata                               0x000031c0   Section       64  scroll_v.o(.constdata)
    .constdata                               0x00003200   Section       64  scroll_v.o(.constdata)
    .constdata                               0x00003240   Section       64  scroll_v.o(.constdata)
    .constdata                               0x00003280   Section       64  scroll_v.o(.constdata)
    .constdata                               0x000032c0   Section       64  scroll_v.o(.constdata)
    .constdata                               0x00003300   Section       64  scroll_v.o(.constdata)
    .constdata                               0x00003340   Section       64  scroll_v.o(.constdata)
    .constdata                               0x00003380   Section       64  scroll_v.o(.constdata)
    .constdata                               0x000033c0   Section       64  scroll_v.o(.constdata)
    .constdata                               0x00003400   Section       64  scroll_v.o(.constdata)
    .constdata                               0x00003440   Section       64  scroll_v.o(.constdata)
    .constdata                               0x00003480   Section       64  scroll_v.o(.constdata)
    .constdata                               0x000034c0   Section       64  scroll_v.o(.constdata)
    .constdata                               0x00003500   Section       64  scroll_v.o(.constdata)
    .constdata                               0x00003540   Section       64  scroll_v.o(.constdata)
    .constdata                               0x00003580   Section       64  scroll_v.o(.constdata)
    .constdata                               0x000035c0   Section       64  scroll_v.o(.constdata)
    .constdata                               0x00003600   Section       64  scroll_v.o(.constdata)
    .constdata                               0x00003640   Section       64  scroll_v.o(.constdata)
    .constdata                               0x00003680   Section       64  scroll_v.o(.constdata)
    .constdata                               0x000036c0   Section       64  scroll_v.o(.constdata)
    .constdata                               0x00003700   Section       64  scroll_v.o(.constdata)
    .constdata                               0x00003740   Section       64  scroll_v.o(.constdata)
    .constdata                               0x00003780   Section       64  scroll_v.o(.constdata)
    .constdata                               0x000037c0   Section       64  scroll_v.o(.constdata)
    .constdata                               0x00003800   Section       64  scroll_v.o(.constdata)
    .constdata                               0x00003840   Section       64  scroll_v.o(.constdata)
    .constdata                               0x00003880   Section       64  scroll_v.o(.constdata)
    .constdata                               0x000038c0   Section       64  scroll_v.o(.constdata)
    .constdata                               0x00003900   Section       64  scroll_v.o(.constdata)
    .constdata                               0x00003940   Section       64  scroll_v.o(.constdata)
    .constdata                               0x00003980   Section       64  scroll_v.o(.constdata)
    .constdata                               0x000039c0   Section       64  scroll_v.o(.constdata)
    .constdata                               0x00003a00   Section       64  scroll_v.o(.constdata)
    .constdata                               0x00003a40   Section       64  scroll_v.o(.constdata)
    .constdata                               0x00003a80   Section       64  scroll_v.o(.constdata)
    .constdata                               0x00003ac0   Section       64  scroll_v.o(.constdata)
    .constdata                               0x00003b00   Section       64  scroll_v.o(.constdata)
    .constdata                               0x00003b40   Section       64  scroll_v.o(.constdata)
    .constdata                               0x00003b80   Section       64  scroll_v.o(.constdata)
    .constdata                               0x00003bc0   Section       64  scroll_v.o(.constdata)
    .constdata                               0x00003c00   Section       64  scroll_v.o(.constdata)
    .constdata                               0x00003c40   Section       64  scroll_v.o(.constdata)
    .constdata                               0x00003c80   Section       64  scroll_v.o(.constdata)
    .constdata                               0x00003cc0   Section       64  scroll_v.o(.constdata)
    .constdata                               0x00003d00   Section       64  scroll_v.o(.constdata)
    .constdata                               0x00003d40   Section       64  scroll_v.o(.constdata)
    .constdata                               0x00003d80   Section       64  scroll_v.o(.constdata)
    .constdata                               0x00003dc0   Section       64  scroll_v.o(.constdata)
    .constdata                               0x00003e00   Section       64  scroll_v.o(.constdata)
    .constdata                               0x00003e40   Section       64  scroll_v.o(.constdata)
    .constdata                               0x00003e80   Section       64  scroll_v.o(.constdata)
    .constdata                               0x00003ec0   Section       64  scroll_v.o(.constdata)
    .constdata                               0x00003f00   Section       64  scroll_v.o(.constdata)
    .constdata                               0x00003f40   Section       64  scroll_v.o(.constdata)
    .constdata                               0x00003f80   Section       64  scroll_v.o(.constdata)
    .constdata                               0x00003fc0   Section       64  scroll_v.o(.constdata)
    .constdata                               0x00004000   Section       64  scroll_v.o(.constdata)
    .constdata                               0x00004040   Section       64  scroll_v.o(.constdata)
    .constdata                               0x00004080   Section       64  scroll_v.o(.constdata)
    .constdata                               0x000040c0   Section       64  scroll_v.o(.constdata)
    .constdata                               0x00004100   Section       64  scroll_v.o(.constdata)
    .constdata                               0x00004140   Section       64  scroll_v.o(.constdata)
    .constdata                               0x00004180   Section     1472  scroll_v.o(.constdata)
    .constdata                               0x00004740   Section       32  can.o(.constdata)
    g_ui16CANBitValues                       0x00004740   Data          32  can.o(.constdata)
    .constdata                               0x00004760   Section      552  gpio.o(.constdata)
    g_ppui32GPIOIntMapBlizzard               0x00004760   Data         192  gpio.o(.constdata)
    g_ppui32GPIOIntMapSnowflake              0x00004820   Data         216  gpio.o(.constdata)
    g_pui32GPIOBaseAddrs                     0x000048f8   Data         144  gpio.o(.constdata)
    .constdata                               0x00004988   Section      268  interrupt.o(.constdata)
    g_pui32Priority                          0x00004988   Data          32  interrupt.o(.constdata)
    g_pui32Regs                              0x000049a8   Data         156  interrupt.o(.constdata)
    g_pui32EnRegs                            0x00004a44   Data          20  interrupt.o(.constdata)
    g_pui32Dii16Regs                         0x00004a58   Data          20  interrupt.o(.constdata)
    g_pui32PendRegs                          0x00004a6c   Data          20  interrupt.o(.constdata)
    g_pui32UnpendRegs                        0x00004a80   Data          20  interrupt.o(.constdata)
    .constdata                               0x00004a94   Section      596  sysctl.o(.constdata)
    g_pui32VCOFrequencies                    0x00004a94   Data           8  sysctl.o(.constdata)
    g_pui32Xtals                             0x00004a9c   Data         108  sysctl.o(.constdata)
    g_pppui32XTALtoVCO                       0x00004b08   Data         432  sysctl.o(.constdata)
    g_sXTALtoMEMTIM                          0x00004cb8   Data          48  sysctl.o(.constdata)
    .data                                    0x20000000   Section       95  can.o(.data)
    .data                                    0x2000005f   Section        1  can.o(.data)
    .data                                    0x20000060   Section        1  can.o(.data)
    .data                                    0x20000064   Section       72  display.o(.data)
    .data                                    0x200000ac   Section        4  display.o(.data)
    .data                                    0x200000b0   Section        4  display.o(.data)
    .data                                    0x200000b4   Section        4  display.o(.data)
    .data                                    0x200000b8   Section       24  display.o(.data)
    .data                                    0x200000d0   Section      100  function.o(.data)
    ulTimer1Sec                              0x200000e0   Data           4  function.o(.data)
    ulTimer1ms                               0x200000e4   Data           4  function.o(.data)
    .data                                    0x20000134   Section        1  main.o(.data)
    .data                                    0x20000138   Section      324  scroll_v.o(.data)
    .bss                                     0x2000027c   Section      280  can.o(.bss)
    .bss                                     0x20000394   Section      152  display.o(.bss)
    .bss                                     0x2000042c   Section       12  display.o(.bss)
    .bss                                     0x20000438   Section       16  function.o(.bss)
    .bss                                     0x20000448   Section       96  libspace.o(.bss)
    HEAP                                     0x200004a8   Section        0  startup_rvmdk.o(HEAP)
    STACK                                    0x200004a8   Section     1024  startup_rvmdk.o(STACK)
    HeapMem                                  0x200004a8   Data           0  startup_rvmdk.o(HEAP)
    StackMem                                 0x200004a8   Data           0  startup_rvmdk.o(STACK)

    Global Symbols

    Symbol Name                              Value     Ov Type        Size  Object(Section)

    BuildAttributes$$THM_ISAv4$E$P$D$K$B$S$7EM$VFPi3$EXTD16$VFPS$VFMA$PE$A:L22UL41UL21$X:L11$S22US41US21$IEEE1$IW$USESV6$~STKCKD$USESV7$~SHL$OTIME$ROPI$EBA8$UX$STANDARDLIB$REQ8$PRES8$EABIv2 0x00000000   Number         0  anon$$obj.o ABSOLUTE
    __ARM_use_no_argv                        0x00000000   Number         0  main.o ABSOLUTE
    __Vectors                                0x00000000   Data           0  startup_rvmdk.o(RESET)
    __ARM_exceptions_init                     - Undefined Weak Reference
    __alloca_initialize                       - Undefined Weak Reference
    __cpp_initialize__aeabi_                  - Undefined Weak Reference
    __cxa_finalize                            - Undefined Weak Reference
    __rt_locale                               - Undefined Weak Reference
    __sigvec_lookup                           - Undefined Weak Reference
    _atexit_init                              - Undefined Weak Reference
    _call_atexit_fns                          - Undefined Weak Reference
    _clock_init                               - Undefined Weak Reference
    _fp_trap_init                             - Undefined Weak Reference
    _fp_trap_shutdown                         - Undefined Weak Reference
    _get_lc_collate                           - Undefined Weak Reference
    _get_lc_ctype                             - Undefined Weak Reference
    _get_lc_monetary                          - Undefined Weak Reference
    _get_lc_numeric                           - Undefined Weak Reference
    _get_lc_time                              - Undefined Weak Reference
    _getenv_init                              - Undefined Weak Reference
    _handle_redirection                       - Undefined Weak Reference
    _init_alloc                               - Undefined Weak Reference
    _init_user_alloc                          - Undefined Weak Reference
    _initio                                   - Undefined Weak Reference
    _rand_init                                - Undefined Weak Reference
    _signal_finish                            - Undefined Weak Reference
    _signal_init                              - Undefined Weak Reference
    _terminate_alloc                          - Undefined Weak Reference
    _terminate_user_alloc                     - Undefined Weak Reference
    _terminateio                              - Undefined Weak Reference
    Reset_Handler                            0x0000026d   Thumb Code     0  startup_rvmdk.o(RESET)
    __main                                   0x00000289   Thumb Code     8  __main.o(!!!main)
    __scatterload                            0x00000291   Thumb Code     0  __scatter.o(!!!scatter)
    __scatterload_rt2                        0x00000291   Thumb Code    44  __scatter.o(!!!scatter)
    __scatterload_rt2_thumb_only             0x00000291   Thumb Code     0  __scatter.o(!!!scatter)
    __scatterload_null                       0x0000029f   Thumb Code     0  __scatter.o(!!!scatter)
    __decompress                             0x000002c5   Thumb Code    90  __dczerorl2.o(!!dczerorl2)
    __decompress1                            0x000002c5   Thumb Code     0  __dczerorl2.o(!!dczerorl2)
    __scatterload_zeroinit                   0x00000321   Thumb Code    28  __scatter_zi.o(!!handler_zi)
    __rt_lib_init                            0x0000033d   Thumb Code     0  libinit.o(.ARM.Collect$$libinit$$00000000)
    __rt_lib_init_fp_1                       0x0000033f   Thumb Code     0  libinit2.o(.ARM.Collect$$libinit$$00000001)
    __rt_lib_init_alloca_1                   0x00000343   Thumb Code     0  libinit2.o(.ARM.Collect$$libinit$$0000002C)
    __rt_lib_init_argv_1                     0x00000343   Thumb Code     0  libinit2.o(.ARM.Collect$$libinit$$0000002A)
    __rt_lib_init_atexit_1                   0x00000343   Thumb Code     0  libinit2.o(.ARM.Collect$$libinit$$00000019)
    __rt_lib_init_clock_1                    0x00000343   Thumb Code     0  libinit2.o(.ARM.Collect$$libinit$$0000001F)
    __rt_lib_init_cpp_1                      0x00000343   Thumb Code     0  libinit2.o(.ARM.Collect$$libinit$$00000030)
    __rt_lib_init_exceptions_1               0x00000343   Thumb Code     0  libinit2.o(.ARM.Collect$$libinit$$0000002E)
    __rt_lib_init_fp_trap_1                  0x00000343   Thumb Code     0  libinit2.o(.ARM.Collect$$libinit$$0000001D)
    __rt_lib_init_getenv_1                   0x00000343   Thumb Code     0  libinit2.o(.ARM.Collect$$libinit$$00000021)
    __rt_lib_init_heap_1                     0x00000343   Thumb Code     0  libinit2.o(.ARM.Collect$$libinit$$00000008)
    __rt_lib_init_lc_collate_1               0x00000343   Thumb Code     0  libinit2.o(.ARM.Collect$$libinit$$0000000F)
    __rt_lib_init_lc_ctype_1                 0x00000343   Thumb Code     0  libinit2.o(.ARM.Collect$$libinit$$00000011)
    __rt_lib_init_lc_monetary_1              0x00000343   Thumb Code     0  libinit2.o(.ARM.Collect$$libinit$$00000013)
    __rt_lib_init_lc_numeric_1               0x00000343   Thumb Code     0  libinit2.o(.ARM.Collect$$libinit$$00000015)
    __rt_lib_init_lc_time_1                  0x00000343   Thumb Code     0  libinit2.o(.ARM.Collect$$libinit$$00000017)
    __rt_lib_init_rand_1                     0x00000343   Thumb Code     0  libinit2.o(.ARM.Collect$$libinit$$0000000C)
    __rt_lib_init_return                     0x00000343   Thumb Code     0  libinit2.o(.ARM.Collect$$libinit$$00000031)
    __rt_lib_init_signal_1                   0x00000343   Thumb Code     0  libinit2.o(.ARM.Collect$$libinit$$0000001B)
    __rt_lib_init_stdio_1                    0x00000343   Thumb Code     0  libinit2.o(.ARM.Collect$$libinit$$00000023)
    __rt_lib_init_user_alloc_1               0x00000343   Thumb Code     0  libinit2.o(.ARM.Collect$$libinit$$0000000A)
    __rt_lib_shutdown                        0x00000345   Thumb Code     0  libshutdown.o(.ARM.Collect$$libshutdown$$00000000)
    __rt_lib_shutdown_fp_trap_1              0x00000347   Thumb Code     0  libshutdown2.o(.ARM.Collect$$libshutdown$$00000006)
    __rt_lib_shutdown_heap_1                 0x00000347   Thumb Code     0  libshutdown2.o(.ARM.Collect$$libshutdown$$0000000E)
    __rt_lib_shutdown_return                 0x00000347   Thumb Code     0  libshutdown2.o(.ARM.Collect$$libshutdown$$0000000F)
    __rt_lib_shutdown_signal_1               0x00000347   Thumb Code     0  libshutdown2.o(.ARM.Collect$$libshutdown$$00000009)
    __rt_lib_shutdown_stdio_1                0x00000347   Thumb Code     0  libshutdown2.o(.ARM.Collect$$libshutdown$$00000003)
    __rt_lib_shutdown_user_alloc_1           0x00000347   Thumb Code     0  libshutdown2.o(.ARM.Collect$$libshutdown$$0000000B)
    __rt_entry                               0x00000349   Thumb Code     0  rtentry.o(.ARM.Collect$$rtentry$$00000000)
    __rt_entry_presh_1                       0x00000349   Thumb Code     0  rtentry2.o(.ARM.Collect$$rtentry$$00000002)
    __rt_entry_sh                            0x00000349   Thumb Code     0  rtentry4.o(.ARM.Collect$$rtentry$$00000004)
    __rt_entry_li                            0x0000034f   Thumb Code     0  rtentry2.o(.ARM.Collect$$rtentry$$0000000A)
    __rt_entry_postsh_1                      0x0000034f   Thumb Code     0  rtentry2.o(.ARM.Collect$$rtentry$$00000009)
    __rt_entry_main                          0x00000353   Thumb Code     0  rtentry2.o(.ARM.Collect$$rtentry$$0000000D)
    __rt_entry_postli_1                      0x00000353   Thumb Code     0  rtentry2.o(.ARM.Collect$$rtentry$$0000000C)
    __rt_exit                                0x0000035b   Thumb Code     0  rtexit.o(.ARM.Collect$$rtexit$$00000000)
    __rt_exit_ls                             0x0000035d   Thumb Code     0  rtexit2.o(.ARM.Collect$$rtexit$$00000003)
    __rt_exit_prels_1                        0x0000035d   Thumb Code     0  rtexit2.o(.ARM.Collect$$rtexit$$00000002)
    __rt_exit_exit                           0x00000361   Thumb Code     0  rtexit2.o(.ARM.Collect$$rtexit$$00000004)
    SysCtlDelay                              0x00000369   Thumb Code     6  sysctl.o(.emb_text)
    CPUcpsid                                 0x00000371   Thumb Code     8  cpu.o(.emb_text)
    CPUprimask                               0x00000379   Thumb Code     6  cpu.o(.emb_text)
    CPUcpsie                                 0x0000037f   Thumb Code     8  cpu.o(.emb_text)
    CPUwfi                                   0x00000387   Thumb Code     4  cpu.o(.emb_text)
    CPUbasepriSet                            0x0000038b   Thumb Code     6  cpu.o(.emb_text)
    CPUbasepriGet                            0x00000391   Thumb Code     6  cpu.o(.emb_text)
    vCAN0Handler                             0x00000399   Thumb Code    90  can.o(.text)
    vCAN1Handler                             0x000003f3   Thumb Code    92  can.o(.text)
    CANConfigureNetwork                      0x0000044f   Thumb Code   380  can.o(.text)
    vCANConfig                               0x000005cb   Thumb Code   174  can.o(.text)
    vCAN0Send                                0x00000679   Thumb Code    24  can.o(.text)
    vCAN1Send                                0x00000691   Thumb Code    24  can.o(.text)
    vDispConfig                              0x000006dd   Thumb Code    48  display.o(.text)
    vClearDisp                               0x0000070d   Thumb Code    14  display.o(.text)
    vDisplay                                 0x0000071b   Thumb Code   110  display.o(.text)
    vScanled                                 0x00000789   Thumb Code   538  display.o(.text)
    vInput                                   0x000009cd   Thumb Code   108  function.o(.text)
    vOutput                                  0x00000a39   Thumb Code     2  function.o(.text)
    vPoll                                    0x00000a3b   Thumb Code   452  function.o(.text)
    vSysTickTimerExpired                     0x00000bff   Thumb Code   270  function.o(.text)
    vWDTHandler                              0x00000d4d   Thumb Code    22  main.o(.text)
    vWDTConfig                               0x00000d63   Thumb Code    48  main.o(.text)
    vHardwareConfig                          0x00000d93   Thumb Code   714  main.o(.text)
    main                                     0x0000105d   Thumb Code    16  main.o(.text)
    ucScrollArrowV                           0x0000109d   Thumb Code   328  scroll_v.o(.text)
    ucScrollStringV                          0x000011e5   Thumb Code    78  scroll_v.o(.text)
    ucScrollNumberV                          0x00001233   Thumb Code   208  scroll_v.o(.text)
    vScrollV                                 0x00001303   Thumb Code   216  scroll_v.o(.text)
    vSysTickHandler                          0x00001419   Thumb Code     4  sysclock.o(.text)
    vSysTickConfig                           0x0000141d   Thumb Code    18  sysclock.o(.text)
    __user_initial_stackheap                 0x00001431   Thumb Code     0  startup_rvmdk.o(.text)
    __use_two_region_memory                  0x00001449   Thumb Code     2  heapauxi.o(.text)
    __rt_heap_escrow$2region                 0x0000144b   Thumb Code     2  heapauxi.o(.text)
    __rt_heap_expand$2region                 0x0000144d   Thumb Code     2  heapauxi.o(.text)
    __user_setup_stackheap                   0x0000144f   Thumb Code    74  sys_stackheap_outer.o(.text)
    exit                                     0x00001499   Thumb Code    12  exit.o(.text)
    __user_libspace                          0x000014a5   Thumb Code     8  libspace.o(.text)
    __user_perproc_libspace                  0x000014a5   Thumb Code     0  libspace.o(.text)
    __user_perthread_libspace                0x000014a5   Thumb Code     0  libspace.o(.text)
    _sys_exit                                0x000014ad   Thumb Code     8  sys_exit.o(.text)
    __I$use$semihosting                      0x000014b9   Thumb Code     0  use_no_semi.o(.text)
    __use_no_semihosting_swi                 0x000014b9   Thumb Code     2  use_no_semi.o(.text)
    __semihosting_library_function           0x000014bb   Thumb Code     0  indicate_semi.o(.text)
    CANBitRateSet                            0x000014bd   Thumb Code   108  can.o(i.CANBitRateSet)
    CANEnable                                0x0000152d   Thumb Code    10  can.o(i.CANEnable)
    CANInit                                  0x00001537   Thumb Code    66  can.o(i.CANInit)
    CANIntClear                              0x00001579   Thumb Code    38  can.o(i.CANIntClear)
    CANIntEnable                             0x0000159f   Thumb Code     8  can.o(i.CANIntEnable)
    CANIntStatus                             0x000015a7   Thumb Code    32  can.o(i.CANIntStatus)
    CANMessageGet                            0x000015c7   Thumb Code   378  can.o(i.CANMessageGet)
    CANMessageSet                            0x00001741   Thumb Code   358  can.o(i.CANMessageSet)
    CANStatusGet                             0x000018a7   Thumb Code    68  can.o(i.CANStatusGet)
    GPIODirModeSet                           0x000018eb   Thumb Code    40  gpio.o(i.GPIODirModeSet)
    GPIOPadConfigSet                         0x00001913   Thumb Code   312  gpio.o(i.GPIOPadConfigSet)
    GPIOPinConfigure                         0x00001a4d   Thumb Code    60  gpio.o(i.GPIOPinConfigure)
    GPIOPinRead                              0x00001a91   Thumb Code     6  gpio.o(i.GPIOPinRead)
    GPIOPinTypeCAN                           0x00001a97   Thumb Code    28  gpio.o(i.GPIOPinTypeCAN)
    GPIOPinTypeGPIOInput                     0x00001ab3   Thumb Code    28  gpio.o(i.GPIOPinTypeGPIOInput)
    GPIOPinTypeGPIOOutput                    0x00001acf   Thumb Code    28  gpio.o(i.GPIOPinTypeGPIOOutput)
    GPIOPinWrite                             0x00001aeb   Thumb Code     6  gpio.o(i.GPIOPinWrite)
    IntEnable                                0x00001af1   Thumb Code    92  interrupt.o(i.IntEnable)
    IntMasterEnable                          0x00001b55   Thumb Code    14  interrupt.o(i.IntMasterEnable)
    SysCtlClockGet                           0x00001b65   Thumb Code   304  sysctl.o(i.SysCtlClockGet)
    SysCtlClockSet                           0x00001cb9   Thumb Code   270  sysctl.o(i.SysCtlClockSet)
    SysCtlPeripheralEnable                   0x00001dd9   Thumb Code    36  sysctl.o(i.SysCtlPeripheralEnable)
    SysCtlPeripheralReset                    0x00001e01   Thumb Code    56  sysctl.o(i.SysCtlPeripheralReset)
    SysTickEnable                            0x00001e3d   Thumb Code    14  systick.o(i.SysTickEnable)
    SysTickIntEnable                         0x00001e4b   Thumb Code    14  systick.o(i.SysTickIntEnable)
    SysTickPeriodSet                         0x00001e59   Thumb Code    10  systick.o(i.SysTickPeriodSet)
    WatchdogEnable                           0x00001e63   Thumb Code    10  watchdog.o(i.WatchdogEnable)
    WatchdogIntClear                         0x00001e6d   Thumb Code     6  watchdog.o(i.WatchdogIntClear)
    WatchdogReloadSet                        0x00001e73   Thumb Code     4  watchdog.o(i.WatchdogReloadSet)
    WatchdogResetEnable                      0x00001e77   Thumb Code    10  watchdog.o(i.WatchdogResetEnable)
    _fp_init                                 0x00001e81   Thumb Code    10  fpinit.o(x$fpl$fpinit)
    __fplib_config_fpu_vfp                   0x00001e89   Thumb Code     0  fpinit.o(x$fpl$fpinit)
    __fplib_config_pureend_doubles           0x00001e89   Thumb Code     0  fpinit.o(x$fpl$fpinit)
    uiStringKiemTraThang                     0x00001e8c   Data         484  display.o(.constdata)
    uiStringTamDung                          0x00002070   Data         400  display.o(.constdata)
    uiStringCuuHo                            0x00002200   Data         328  display.o(.constdata)
    uiStringCuuHoa                           0x00002348   Data         332  display.o(.constdata)
    uiStringQuaTai                           0x00002494   Data         312  display.o(.constdata)
    uiStringReset                            0x000025cc   Data         292  display.o(.constdata)
    uiStringDayTai                           0x000026f0   Data         360  display.o(.constdata)
    uiStringDongDat                          0x00002858   Data         288  display.o(.constdata)
    uiStringDangSuDung                       0x00002978   Data         288  display.o(.constdata)
    xDemoData                                0x00002a98   Data         552  function.o(.constdata)
    MASK                                     0x00002cc0   Data         128  main.o(.constdata)
    uiNumberV_OFF                            0x00002d40   Data          64  scroll_v.o(.constdata)
    uiNumberV_E                              0x00002d80   Data          64  scroll_v.o(.constdata)
    uiNumberV_A                              0x00002dc0   Data          64  scroll_v.o(.constdata)
    uiNumberV_B                              0x00002e00   Data          64  scroll_v.o(.constdata)
    uiNumberV_L                              0x00002e40   Data          64  scroll_v.o(.constdata)
    uiNumberV_M                              0x00002e80   Data          64  scroll_v.o(.constdata)
    uiNumberV_3A                             0x00002ec0   Data          64  scroll_v.o(.constdata)
    uiNumberV_12A                            0x00002f00   Data          64  scroll_v.o(.constdata)
    uiNumberV_14A                            0x00002f40   Data          64  scroll_v.o(.constdata)
    uiNumberV_E0                             0x00002f80   Data          64  scroll_v.o(.constdata)
    uiNumberV_E1                             0x00002fc0   Data          64  scroll_v.o(.constdata)
    uiNumberV_E2                             0x00003000   Data          64  scroll_v.o(.constdata)
    uiNumberV_E3                             0x00003040   Data          64  scroll_v.o(.constdata)
    uiNumberV_E4                             0x00003080   Data          64  scroll_v.o(.constdata)
    uiNumberV_E5                             0x000030c0   Data          64  scroll_v.o(.constdata)
    uiNumberV_E6                             0x00003100   Data          64  scroll_v.o(.constdata)
    uiNumberV_E7                             0x00003140   Data          64  scroll_v.o(.constdata)
    uiNumberV_B1                             0x00003180   Data          64  scroll_v.o(.constdata)
    uiNumberV_B2                             0x000031c0   Data          64  scroll_v.o(.constdata)
    uiNumberV_B3                             0x00003200   Data          64  scroll_v.o(.constdata)
    uiNumberV_B4                             0x00003240   Data          64  scroll_v.o(.constdata)
    uiNumberV_B5                             0x00003280   Data          64  scroll_v.o(.constdata)
    uiNumberV_M1                             0x000032c0   Data          64  scroll_v.o(.constdata)
    uiNumberV_M2                             0x00003300   Data          64  scroll_v.o(.constdata)
    uiNumberV_H1                             0x00003340   Data          64  scroll_v.o(.constdata)
    uiNumberV_H2                             0x00003380   Data          64  scroll_v.o(.constdata)
    uiNumberV_G                              0x000033c0   Data          64  scroll_v.o(.constdata)
    uiNumberV_0                              0x00003400   Data          64  scroll_v.o(.constdata)
    uiNumberV_1                              0x00003440   Data          64  scroll_v.o(.constdata)
    uiNumberV_2                              0x00003480   Data          64  scroll_v.o(.constdata)
    uiNumberV_3                              0x000034c0   Data          64  scroll_v.o(.constdata)
    uiNumberV_4                              0x00003500   Data          64  scroll_v.o(.constdata)
    uiNumberV_5                              0x00003540   Data          64  scroll_v.o(.constdata)
    uiNumberV_6                              0x00003580   Data          64  scroll_v.o(.constdata)
    uiNumberV_7                              0x000035c0   Data          64  scroll_v.o(.constdata)
    uiNumberV_8                              0x00003600   Data          64  scroll_v.o(.constdata)
    uiNumberV_9                              0x00003640   Data          64  scroll_v.o(.constdata)
    uiNumberV_10                             0x00003680   Data          64  scroll_v.o(.constdata)
    uiNumberV_11                             0x000036c0   Data          64  scroll_v.o(.constdata)
    uiNumberV_12                             0x00003700   Data          64  scroll_v.o(.constdata)
    uiNumberV_13                             0x00003740   Data          64  scroll_v.o(.constdata)
    uiNumberV_14                             0x00003780   Data          64  scroll_v.o(.constdata)
    uiNumberV_15                             0x000037c0   Data          64  scroll_v.o(.constdata)
    uiNumberV_16                             0x00003800   Data          64  scroll_v.o(.constdata)
    uiNumberV_17                             0x00003840   Data          64  scroll_v.o(.constdata)
    uiNumberV_18                             0x00003880   Data          64  scroll_v.o(.constdata)
    uiNumberV_19                             0x000038c0   Data          64  scroll_v.o(.constdata)
    uiNumberV_20                             0x00003900   Data          64  scroll_v.o(.constdata)
    uiNumberV_21                             0x00003940   Data          64  scroll_v.o(.constdata)
    uiNumberV_22                             0x00003980   Data          64  scroll_v.o(.constdata)
    uiNumberV_23                             0x000039c0   Data          64  scroll_v.o(.constdata)
    uiNumberV_24                             0x00003a00   Data          64  scroll_v.o(.constdata)
    uiNumberV_25                             0x00003a40   Data          64  scroll_v.o(.constdata)
    uiNumberV_26                             0x00003a80   Data          64  scroll_v.o(.constdata)
    uiNumberV_27                             0x00003ac0   Data          64  scroll_v.o(.constdata)
    uiNumberV_28                             0x00003b00   Data          64  scroll_v.o(.constdata)
    uiNumberV_29                             0x00003b40   Data          64  scroll_v.o(.constdata)
    uiNumberV_30                             0x00003b80   Data          64  scroll_v.o(.constdata)
    uiNumberV_31                             0x00003bc0   Data          64  scroll_v.o(.constdata)
    uiNumberV_32                             0x00003c00   Data          64  scroll_v.o(.constdata)
    uiNumberV_33                             0x00003c40   Data          64  scroll_v.o(.constdata)
    uiNumberV_34                             0x00003c80   Data          64  scroll_v.o(.constdata)
    uiNumberV_35                             0x00003cc0   Data          64  scroll_v.o(.constdata)
    uiNumberV_36                             0x00003d00   Data          64  scroll_v.o(.constdata)
    uiNumberV_37                             0x00003d40   Data          64  scroll_v.o(.constdata)
    uiNumberV_38                             0x00003d80   Data          64  scroll_v.o(.constdata)
    uiNumberV_39                             0x00003dc0   Data          64  scroll_v.o(.constdata)
    uiNumberV_12B                            0x00003e00   Data          64  scroll_v.o(.constdata)
    uiNumberV_14B                            0x00003e40   Data          64  scroll_v.o(.constdata)
    uiNumberV_B6                             0x00003e80   Data          64  scroll_v.o(.constdata)
    uiNumberV_3B                             0x00003ec0   Data          64  scroll_v.o(.constdata)
    uiNumberV_B7                             0x00003f00   Data          64  scroll_v.o(.constdata)
    uiNumberV_GL                             0x00003f40   Data          64  scroll_v.o(.constdata)
    uiNumberV_M3                             0x00003f80   Data          64  scroll_v.o(.constdata)
    uiNumberV_ST                             0x00003fc0   Data          64  scroll_v.o(.constdata)
    uiNumberV_L1                             0x00004000   Data          64  scroll_v.o(.constdata)
    uiNumberV_L2                             0x00004040   Data          64  scroll_v.o(.constdata)
    uiNumberV_T                              0x00004080   Data          64  scroll_v.o(.constdata)
    uiNumberV_R                              0x000040c0   Data          64  scroll_v.o(.constdata)
    uiNumberV_I                              0x00004100   Data          64  scroll_v.o(.constdata)
    uiNumberV_S                              0x00004140   Data          64  scroll_v.o(.constdata)
    uiArrowVUp                               0x00004180   Data          64  scroll_v.o(.constdata)
    uiArrowVDown                             0x000041c0   Data          64  scroll_v.o(.constdata)
    xNumberCodeV                             0x00004200   Data        1344  scroll_v.o(.constdata)
    Region$$Table$$Base                      0x00004ce8   Number         0  anon$$obj.o(Region$$Table)
    Region$$Table$$Limit                     0x00004d08   Number         0  anon$$obj.o(Region$$Table)
    ucCANBusoff                              0x20000000   Data           1  can.o(.data)
    _checkcan0                               0x20000001   Data           1  can.o(.data)
    _checkcan1                               0x20000002   Data           1  can.o(.data)
    xData                                    0x20000003   Data           4  can.o(.data)
    ucCAN1DispStatus                         0x20000007   Data           8  can.o(.data)
    ucCAN0InX1                               0x2000000f   Data           8  can.o(.data)
    ucCAN0DispStatus                         0x20000017   Data           8  can.o(.data)
    ucCAN0InSHC                              0x2000001f   Data           8  can.o(.data)
    ucCAN1InSHC                              0x20000027   Data           8  can.o(.data)
    ucCAN0DrSHC                              0x2000002f   Data           8  can.o(.data)
    ucCAN1DrSHC                              0x20000037   Data           8  can.o(.data)
    ucCAN1InX1                               0x2000003f   Data           8  can.o(.data)
    ucCANOutSHC                              0x20000047   Data           8  can.o(.data)
    ucCANOutX1                               0x2000004f   Data           8  can.o(.data)
    ucCANClearBTH                            0x20000057   Data           8  can.o(.data)
    ucPos                                    0x2000005f   Data           1  can.o(.data)
    ucCAN0TxFlag                             0x20000060   Data           1  can.o(.data)
    xStringTable                             0x20000064   Data          72  display.o(.data)
    ulNumberDelay                            0x200000ac   Data           4  display.o(.data)
    ulArrowDelay                             0x200000b0   Data           4  display.o(.data)
    ulStringDelay                            0x200000b4   Data           4  display.o(.data)
    ucBlock11                                0x200000b8   Data           1  display.o(.data)
    ucBlock12                                0x200000b9   Data           1  display.o(.data)
    ucBlock21                                0x200000ba   Data           1  display.o(.data)
    ucBlock22                                0x200000bb   Data           1  display.o(.data)
    ucColumn                                 0x200000bc   Data           1  display.o(.data)
    ulPWMCnt                                 0x200000c0   Data           4  display.o(.data)
    pvScroll                                 0x200000c4   Data           4  display.o(.data)
    xBlock                                   0x200000c8   Data           8  display.o(.data)
    ucDemoCode                               0x200000d0   Data           1  function.o(.data)
    ucSampleIndex                            0x200000d1   Data           1  function.o(.data)
    ucLTUOut                                 0x200000d2   Data           1  function.o(.data)
    ucLTDOut                                 0x200000d3   Data           1  function.o(.data)
    ucBTUIn                                  0x200000d4   Data           1  function.o(.data)
    ucBTDIn                                  0x200000d5   Data           1  function.o(.data)
    ucBTUSend                                0x200000d6   Data           1  function.o(.data)
    ucBTDSend                                0x200000d7   Data           1  function.o(.data)
    ucLTURcv                                 0x200000d8   Data           1  function.o(.data)
    ucLTDRcv                                 0x200000d9   Data           1  function.o(.data)
    ucOutX1                                  0x200000da   Data           1  function.o(.data)
    ucX1                                     0x200000db   Data           1  function.o(.data)
    ucIn1                                    0x200000dc   Data           1  function.o(.data)
    ucIn2                                    0x200000dd   Data           1  function.o(.data)
    ucIn3                                    0x200000de   Data           1  function.o(.data)
    ucPreDisplay                             0x200000df   Data           1  function.o(.data)
    ulInport                                 0x200000e8   Data           4  function.o(.data)
    ulPreInp                                 0x200000ec   Data           4  function.o(.data)
    ulTimerBTUJam                            0x200000f0   Data           4  function.o(.data)
    ulTimerBTDJam                            0x200000f4   Data           4  function.o(.data)
    ulTimerIn1                               0x200000f8   Data           4  function.o(.data)
    ulTimerIn2                               0x200000fc   Data           4  function.o(.data)
    ulTimerIn3                               0x20000100   Data           4  function.o(.data)
    ulTimerIn4                               0x20000104   Data           4  function.o(.data)
    ulTimerIn5                               0x20000108   Data           4  function.o(.data)
    ulTimerIn6                               0x2000010c   Data           4  function.o(.data)
    ulTimerIn7                               0x20000110   Data           4  function.o(.data)
    ulTimerIn8                               0x20000114   Data           4  function.o(.data)
    ulTimerInport                            0x20000118   Data           4  function.o(.data)
    ulTimerPWM                               0x2000011c   Data           4  function.o(.data)
    ulTimerCAN0Tx                            0x20000120   Data           4  function.o(.data)
    ulTimerCAN1Tx                            0x20000124   Data           4  function.o(.data)
    ulTimerX1                                0x20000128   Data           4  function.o(.data)
    ulPWMSet                                 0x2000012c   Data           4  function.o(.data)
    uiTimerDemo                              0x20000130   Data           4  function.o(.data)
    ucWDT                                    0x20000134   Data           1  main.o(.data)
    puiNumberV_Table                         0x20000138   Data         324  scroll_v.o(.data)
    xMsgObject0Status                        0x2000027c   Data          20  can.o(.bss)
    xMsgObject0InSHC                         0x20000290   Data          20  can.o(.bss)
    xMsgObject0DrSHC                         0x200002a4   Data          20  can.o(.bss)
    xMsgObject0InX1                          0x200002b8   Data          20  can.o(.bss)
    xMsgObject0OutSHC                        0x200002cc   Data          20  can.o(.bss)
    xMsgObject0OutX1                         0x200002e0   Data          20  can.o(.bss)
    xMsgObject0ClearBTH                      0x200002f4   Data          20  can.o(.bss)
    xMsgObject1Status                        0x20000308   Data          20  can.o(.bss)
    xMsgObject1InSHC                         0x2000031c   Data          20  can.o(.bss)
    xMsgObject1DrSHC                         0x20000330   Data          20  can.o(.bss)
    xMsgObject1InX1                          0x20000344   Data          20  can.o(.bss)
    xMsgObject1OutSHC                        0x20000358   Data          20  can.o(.bss)
    xMsgObject1OutX1                         0x2000036c   Data          20  can.o(.bss)
    xMsgObject1ClearBTH                      0x20000380   Data          20  can.o(.bss)
    ulBlock1Data                             0x20000394   Data          64  display.o(.bss)
    ulBlock2Data                             0x200003d4   Data          64  display.o(.bss)
    xNumber                                  0x20000414   Data          12  display.o(.bss)
    xString                                  0x20000420   Data          12  display.o(.bss)
    xArrow                                   0x2000042c   Data          12  display.o(.bss)
    ulSample                                 0x20000438   Data          16  function.o(.bss)
    __libspace_start                         0x20000448   Data          96  libspace.o(.bss)
    __temporary_stack_top$libspace           0x200004a8   Data           0  libspace.o(.bss)



==============================================================================

Memory Map of the image

  Image Entry point : 0x00000289

  Load Region LR_IROM1 (Base: 0x00000000, Size: 0x00004f84, Max: 0x00020000, ABSOLUTE, COMPRESSED[0x00004e24])

    Execution Region ER_IROM1 (Base: 0x00000000, Size: 0x00004d08, Max: 0x00020000, ABSOLUTE)

    Base Addr    Size         Type   Attr      Idx    E Section Name        Object

    0x00000000   0x00000288   Code   RO          384    RESET               startup_rvmdk.o
    0x00000288   0x00000008   Code   RO         1511  * !!!main             c_w.l(__main.o)
    0x00000290   0x00000034   Code   RO         1667    !!!scatter          c_w.l(__scatter.o)
    0x000002c4   0x0000005a   Code   RO         1665    !!dczerorl2         c_w.l(__dczerorl2.o)
    0x0000031e   0x00000002   PAD
    0x00000320   0x0000001c   Code   RO         1669    !!handler_zi        c_w.l(__scatter_zi.o)
    0x0000033c   0x00000002   Code   RO         1538    .ARM.Collect$$libinit$$00000000  c_w.l(libinit.o)
    0x0000033e   0x00000004   Code   RO         1544    .ARM.Collect$$libinit$$00000001  c_w.l(libinit2.o)
    0x00000342   0x00000000   Code   RO         1548    .ARM.Collect$$libinit$$00000008  c_w.l(libinit2.o)
    0x00000342   0x00000000   Code   RO         1550    .ARM.Collect$$libinit$$0000000A  c_w.l(libinit2.o)
    0x00000342   0x00000000   Code   RO         1552    .ARM.Collect$$libinit$$0000000C  c_w.l(libinit2.o)
    0x00000342   0x00000000   Code   RO         1555    .ARM.Collect$$libinit$$0000000F  c_w.l(libinit2.o)
    0x00000342   0x00000000   Code   RO         1557    .ARM.Collect$$libinit$$00000011  c_w.l(libinit2.o)
    0x00000342   0x00000000   Code   RO         1559    .ARM.Collect$$libinit$$00000013  c_w.l(libinit2.o)
    0x00000342   0x00000000   Code   RO         1561    .ARM.Collect$$libinit$$00000015  c_w.l(libinit2.o)
    0x00000342   0x00000000   Code   RO         1563    .ARM.Collect$$libinit$$00000017  c_w.l(libinit2.o)
    0x00000342   0x00000000   Code   RO         1565    .ARM.Collect$$libinit$$00000019  c_w.l(libinit2.o)
    0x00000342   0x00000000   Code   RO         1567    .ARM.Collect$$libinit$$0000001B  c_w.l(libinit2.o)
    0x00000342   0x00000000   Code   RO         1569    .ARM.Collect$$libinit$$0000001D  c_w.l(libinit2.o)
    0x00000342   0x00000000   Code   RO         1571    .ARM.Collect$$libinit$$0000001F  c_w.l(libinit2.o)
    0x00000342   0x00000000   Code   RO         1573    .ARM.Collect$$libinit$$00000021  c_w.l(libinit2.o)
    0x00000342   0x00000000   Code   RO         1575    .ARM.Collect$$libinit$$00000023  c_w.l(libinit2.o)
    0x00000342   0x00000000   Code   RO         1579    .ARM.Collect$$libinit$$0000002A  c_w.l(libinit2.o)
    0x00000342   0x00000000   Code   RO         1581    .ARM.Collect$$libinit$$0000002C  c_w.l(libinit2.o)
    0x00000342   0x00000000   Code   RO         1583    .ARM.Collect$$libinit$$0000002E  c_w.l(libinit2.o)
    0x00000342   0x00000000   Code   RO         1585    .ARM.Collect$$libinit$$00000030  c_w.l(libinit2.o)
    0x00000342   0x00000002   Code   RO         1586    .ARM.Collect$$libinit$$00000031  c_w.l(libinit2.o)
    0x00000344   0x00000002   Code   RO         1606    .ARM.Collect$$libshutdown$$00000000  c_w.l(libshutdown.o)
    0x00000346   0x00000000   Code   RO         1620    .ARM.Collect$$libshutdown$$00000003  c_w.l(libshutdown2.o)
    0x00000346   0x00000000   Code   RO         1623    .ARM.Collect$$libshutdown$$00000006  c_w.l(libshutdown2.o)
    0x00000346   0x00000000   Code   RO         1626    .ARM.Collect$$libshutdown$$00000009  c_w.l(libshutdown2.o)
    0x00000346   0x00000000   Code   RO         1628    .ARM.Collect$$libshutdown$$0000000B  c_w.l(libshutdown2.o)
    0x00000346   0x00000000   Code   RO         1631    .ARM.Collect$$libshutdown$$0000000E  c_w.l(libshutdown2.o)
    0x00000346   0x00000002   Code   RO         1632    .ARM.Collect$$libshutdown$$0000000F  c_w.l(libshutdown2.o)
    0x00000348   0x00000000   Code   RO         1513    .ARM.Collect$$rtentry$$00000000  c_w.l(rtentry.o)
    0x00000348   0x00000000   Code   RO         1515    .ARM.Collect$$rtentry$$00000002  c_w.l(rtentry2.o)
    0x00000348   0x00000006   Code   RO         1527    .ARM.Collect$$rtentry$$00000004  c_w.l(rtentry4.o)
    0x0000034e   0x00000000   Code   RO         1517    .ARM.Collect$$rtentry$$00000009  c_w.l(rtentry2.o)
    0x0000034e   0x00000004   Code   RO         1518    .ARM.Collect$$rtentry$$0000000A  c_w.l(rtentry2.o)
    0x00000352   0x00000000   Code   RO         1520    .ARM.Collect$$rtentry$$0000000C  c_w.l(rtentry2.o)
    0x00000352   0x00000008   Code   RO         1521    .ARM.Collect$$rtentry$$0000000D  c_w.l(rtentry2.o)
    0x0000035a   0x00000002   Code   RO         1542    .ARM.Collect$$rtexit$$00000000  c_w.l(rtexit.o)
    0x0000035c   0x00000000   Code   RO         1588    .ARM.Collect$$rtexit$$00000002  c_w.l(rtexit2.o)
    0x0000035c   0x00000004   Code   RO         1589    .ARM.Collect$$rtexit$$00000003  c_w.l(rtexit2.o)
    0x00000360   0x00000006   Code   RO         1590    .ARM.Collect$$rtexit$$00000004  c_w.l(rtexit2.o)
    0x00000366   0x00000002   PAD
    0x00000368   0x00000006   Code   RO          966    .emb_text           driverlib.lib(sysctl.o)
    0x0000036e   0x00000002   PAD
    0x00000370   0x00000026   Code   RO         1497    .emb_text           driverlib.lib(cpu.o)
    0x00000396   0x00000002   PAD
    0x00000398   0x00000344   Code   RO            1    .text               can.o
    0x000006dc   0x000002f0   Code   RO           69    .text               display.o
    0x000009cc   0x00000380   Code   RO          101    .text               function.o
    0x00000d4c   0x00000350   Code   RO          136    .text               main.o
    0x0000109c   0x0000037c   Code   RO          268    .text               scroll_v.o
    0x00001418   0x00000016   Code   RO          370    .text               sysclock.o
    0x0000142e   0x00000002   PAD
    0x00001430   0x00000018   Code   RO          385    .text               startup_rvmdk.o
    0x00001448   0x00000006   Code   RO         1509    .text               c_w.l(heapauxi.o)
    0x0000144e   0x0000004a   Code   RO         1529    .text               c_w.l(sys_stackheap_outer.o)
    0x00001498   0x0000000c   Code   RO         1531    .text               c_w.l(exit.o)
    0x000014a4   0x00000008   Code   RO         1539    .text               c_w.l(libspace.o)
    0x000014ac   0x0000000c   Code   RO         1598    .text               c_w.l(sys_exit.o)
    0x000014b8   0x00000002   Code   RO         1609    .text               c_w.l(use_no_semi.o)
    0x000014ba   0x00000000   Code   RO         1611    .text               c_w.l(indicate_semi.o)
    0x000014ba   0x00000002   PAD
    0x000014bc   0x00000070   Code   RO          391    i.CANBitRateSet     driverlib.lib(can.o)
    0x0000152c   0x0000000a   Code   RO          395    i.CANEnable         driverlib.lib(can.o)
    0x00001536   0x00000042   Code   RO          397    i.CANInit           driverlib.lib(can.o)
    0x00001578   0x00000026   Code   RO          398    i.CANIntClear       driverlib.lib(can.o)
    0x0000159e   0x00000008   Code   RO          400    i.CANIntEnable      driverlib.lib(can.o)
    0x000015a6   0x00000020   Code   RO          402    i.CANIntStatus      driverlib.lib(can.o)
    0x000015c6   0x0000017a   Code   RO          405    i.CANMessageGet     driverlib.lib(can.o)
    0x00001740   0x00000166   Code   RO          406    i.CANMessageSet     driverlib.lib(can.o)
    0x000018a6   0x00000044   Code   RO          409    i.CANStatusGet      driverlib.lib(can.o)
    0x000018ea   0x00000028   Code   RO          551    i.GPIODirModeSet    driverlib.lib(gpio.o)
    0x00001912   0x00000138   Code   RO          563    i.GPIOPadConfigSet  driverlib.lib(gpio.o)
    0x00001a4a   0x00000002   PAD
    0x00001a4c   0x00000044   Code   RO          564    i.GPIOPinConfigure  driverlib.lib(gpio.o)
    0x00001a90   0x00000006   Code   RO          565    i.GPIOPinRead       driverlib.lib(gpio.o)
    0x00001a96   0x0000001c   Code   RO          567    i.GPIOPinTypeCAN    driverlib.lib(gpio.o)
    0x00001ab2   0x0000001c   Code   RO          574    i.GPIOPinTypeGPIOInput  driverlib.lib(gpio.o)
    0x00001ace   0x0000001c   Code   RO          575    i.GPIOPinTypeGPIOOutput  driverlib.lib(gpio.o)
    0x00001aea   0x00000006   Code   RO          593    i.GPIOPinWrite      driverlib.lib(gpio.o)
    0x00001af0   0x00000064   Code   RO          854    i.IntEnable         driverlib.lib(interrupt.o)
    0x00001b54   0x0000000e   Code   RO          857    i.IntMasterEnable   driverlib.lib(interrupt.o)
    0x00001b62   0x00000002   PAD
    0x00001b64   0x00000154   Code   RO          969    i.SysCtlClockGet    driverlib.lib(sysctl.o)
    0x00001cb8   0x00000120   Code   RO          971    i.SysCtlClockSet    driverlib.lib(sysctl.o)
    0x00001dd8   0x00000028   Code   RO         1000    i.SysCtlPeripheralEnable  driverlib.lib(sysctl.o)
    0x00001e00   0x0000003c   Code   RO         1005    i.SysCtlPeripheralReset  driverlib.lib(sysctl.o)
    0x00001e3c   0x0000000e   Code   RO         1315    i.SysTickEnable     driverlib.lib(systick.o)
    0x00001e4a   0x0000000e   Code   RO         1317    i.SysTickIntEnable  driverlib.lib(systick.o)
    0x00001e58   0x0000000a   Code   RO         1321    i.SysTickPeriodSet  driverlib.lib(systick.o)
    0x00001e62   0x0000000a   Code   RO         1377    i.WatchdogEnable    driverlib.lib(watchdog.o)
    0x00001e6c   0x00000006   Code   RO         1378    i.WatchdogIntClear  driverlib.lib(watchdog.o)
    0x00001e72   0x00000004   Code   RO         1387    i.WatchdogReloadSet  driverlib.lib(watchdog.o)
    0x00001e76   0x0000000a   Code   RO         1389    i.WatchdogResetEnable  driverlib.lib(watchdog.o)
    0x00001e80   0x0000000a   Code   RO         1596    x$fpl$fpinit        fz_wm.l(fpinit.o)
    0x00001e8a   0x00000002   PAD
    0x00001e8c   0x000001e4   Data   RO           72    .constdata          display.o
    0x00002070   0x00000190   Data   RO           73    .constdata          display.o
    0x00002200   0x00000148   Data   RO           74    .constdata          display.o
    0x00002348   0x0000014c   Data   RO           75    .constdata          display.o
    0x00002494   0x00000138   Data   RO           77    .constdata          display.o
    0x000025cc   0x00000124   Data   RO           78    .constdata          display.o
    0x000026f0   0x00000168   Data   RO           79    .constdata          display.o
    0x00002858   0x00000120   Data   RO           80    .constdata          display.o
    0x00002978   0x00000120   Data   RO           81    .constdata          display.o
    0x00002a98   0x00000228   Data   RO          103    .constdata          function.o
    0x00002cc0   0x00000080   Data   RO          137    .constdata          main.o
    0x00002d40   0x00000040   Data   RO          269    .constdata          scroll_v.o
    0x00002d80   0x00000040   Data   RO          270    .constdata          scroll_v.o
    0x00002dc0   0x00000040   Data   RO          271    .constdata          scroll_v.o
    0x00002e00   0x00000040   Data   RO          272    .constdata          scroll_v.o
    0x00002e40   0x00000040   Data   RO          273    .constdata          scroll_v.o
    0x00002e80   0x00000040   Data   RO          274    .constdata          scroll_v.o
    0x00002ec0   0x00000040   Data   RO          275    .constdata          scroll_v.o
    0x00002f00   0x00000040   Data   RO          277    .constdata          scroll_v.o
    0x00002f40   0x00000040   Data   RO          278    .constdata          scroll_v.o
    0x00002f80   0x00000040   Data   RO          279    .constdata          scroll_v.o
    0x00002fc0   0x00000040   Data   RO          280    .constdata          scroll_v.o
    0x00003000   0x00000040   Data   RO          281    .constdata          scroll_v.o
    0x00003040   0x00000040   Data   RO          282    .constdata          scroll_v.o
    0x00003080   0x00000040   Data   RO          283    .constdata          scroll_v.o
    0x000030c0   0x00000040   Data   RO          284    .constdata          scroll_v.o
    0x00003100   0x00000040   Data   RO          285    .constdata          scroll_v.o
    0x00003140   0x00000040   Data   RO          286    .constdata          scroll_v.o
    0x00003180   0x00000040   Data   RO          287    .constdata          scroll_v.o
    0x000031c0   0x00000040   Data   RO          288    .constdata          scroll_v.o
    0x00003200   0x00000040   Data   RO          289    .constdata          scroll_v.o
    0x00003240   0x00000040   Data   RO          290    .constdata          scroll_v.o
    0x00003280   0x00000040   Data   RO          291    .constdata          scroll_v.o
    0x000032c0   0x00000040   Data   RO          292    .constdata          scroll_v.o
    0x00003300   0x00000040   Data   RO          293    .constdata          scroll_v.o
    0x00003340   0x00000040   Data   RO          294    .constdata          scroll_v.o
    0x00003380   0x00000040   Data   RO          295    .constdata          scroll_v.o
    0x000033c0   0x00000040   Data   RO          296    .constdata          scroll_v.o
    0x00003400   0x00000040   Data   RO          297    .constdata          scroll_v.o
    0x00003440   0x00000040   Data   RO          298    .constdata          scroll_v.o
    0x00003480   0x00000040   Data   RO          299    .constdata          scroll_v.o
    0x000034c0   0x00000040   Data   RO          300    .constdata          scroll_v.o
    0x00003500   0x00000040   Data   RO          301    .constdata          scroll_v.o
    0x00003540   0x00000040   Data   RO          302    .constdata          scroll_v.o
    0x00003580   0x00000040   Data   RO          303    .constdata          scroll_v.o
    0x000035c0   0x00000040   Data   RO          304    .constdata          scroll_v.o
    0x00003600   0x00000040   Data   RO          305    .constdata          scroll_v.o
    0x00003640   0x00000040   Data   RO          306    .constdata          scroll_v.o
    0x00003680   0x00000040   Data   RO          307    .constdata          scroll_v.o
    0x000036c0   0x00000040   Data   RO          308    .constdata          scroll_v.o
    0x00003700   0x00000040   Data   RO          309    .constdata          scroll_v.o
    0x00003740   0x00000040   Data   RO          310    .constdata          scroll_v.o
    0x00003780   0x00000040   Data   RO          311    .constdata          scroll_v.o
    0x000037c0   0x00000040   Data   RO          312    .constdata          scroll_v.o
    0x00003800   0x00000040   Data   RO          313    .constdata          scroll_v.o
    0x00003840   0x00000040   Data   RO          314    .constdata          scroll_v.o
    0x00003880   0x00000040   Data   RO          315    .constdata          scroll_v.o
    0x000038c0   0x00000040   Data   RO          316    .constdata          scroll_v.o
    0x00003900   0x00000040   Data   RO          317    .constdata          scroll_v.o
    0x00003940   0x00000040   Data   RO          318    .constdata          scroll_v.o
    0x00003980   0x00000040   Data   RO          319    .constdata          scroll_v.o
    0x000039c0   0x00000040   Data   RO          320    .constdata          scroll_v.o
    0x00003a00   0x00000040   Data   RO          321    .constdata          scroll_v.o
    0x00003a40   0x00000040   Data   RO          322    .constdata          scroll_v.o
    0x00003a80   0x00000040   Data   RO          323    .constdata          scroll_v.o
    0x00003ac0   0x00000040   Data   RO          324    .constdata          scroll_v.o
    0x00003b00   0x00000040   Data   RO          325    .constdata          scroll_v.o
    0x00003b40   0x00000040   Data   RO          326    .constdata          scroll_v.o
    0x00003b80   0x00000040   Data   RO          327    .constdata          scroll_v.o
    0x00003bc0   0x00000040   Data   RO          328    .constdata          scroll_v.o
    0x00003c00   0x00000040   Data   RO          329    .constdata          scroll_v.o
    0x00003c40   0x00000040   Data   RO          330    .constdata          scroll_v.o
    0x00003c80   0x00000040   Data   RO          331    .constdata          scroll_v.o
    0x00003cc0   0x00000040   Data   RO          332    .constdata          scroll_v.o
    0x00003d00   0x00000040   Data   RO          333    .constdata          scroll_v.o
    0x00003d40   0x00000040   Data   RO          334    .constdata          scroll_v.o
    0x00003d80   0x00000040   Data   RO          335    .constdata          scroll_v.o
    0x00003dc0   0x00000040   Data   RO          336    .constdata          scroll_v.o
    0x00003e00   0x00000040   Data   RO          337    .constdata          scroll_v.o
    0x00003e40   0x00000040   Data   RO          338    .constdata          scroll_v.o
    0x00003e80   0x00000040   Data   RO          339    .constdata          scroll_v.o
    0x00003ec0   0x00000040   Data   RO          340    .constdata          scroll_v.o
    0x00003f00   0x00000040   Data   RO          341    .constdata          scroll_v.o
    0x00003f40   0x00000040   Data   RO          342    .constdata          scroll_v.o
    0x00003f80   0x00000040   Data   RO          343    .constdata          scroll_v.o
    0x00003fc0   0x00000040   Data   RO          344    .constdata          scroll_v.o
    0x00004000   0x00000040   Data   RO          345    .constdata          scroll_v.o
    0x00004040   0x00000040   Data   RO          346    .constdata          scroll_v.o
    0x00004080   0x00000040   Data   RO          350    .constdata          scroll_v.o
    0x000040c0   0x00000040   Data   RO          351    .constdata          scroll_v.o
    0x00004100   0x00000040   Data   RO          352    .constdata          scroll_v.o
    0x00004140   0x00000040   Data   RO          353    .constdata          scroll_v.o
    0x00004180   0x000005c0   Data   RO          354    .constdata          scroll_v.o
    0x00004740   0x00000020   Data   RO          410    .constdata          driverlib.lib(can.o)
    0x00004760   0x00000228   Data   RO          595    .constdata          driverlib.lib(gpio.o)
    0x00004988   0x0000010c   Data   RO          870    .constdata          driverlib.lib(interrupt.o)
    0x00004a94   0x00000254   Data   RO         1022    .constdata          driverlib.lib(sysctl.o)
    0x00004ce8   0x00000020   Data   RO         1663    Region$$Table       anon$$obj.o


    Execution Region RW_IRAM1 (Base: 0x20000000, Size: 0x000008a8, Max: 0x00008000, ABSOLUTE, COMPRESSED[0x0000011c])

    Base Addr    Size         Type   Attr      Idx    E Section Name        Object

    0x20000000   0x0000005f   Data   RW            3    .data               can.o
    0x2000005f   0x00000001   Data   RW            4    .data               can.o
    0x20000060   0x00000001   Data   RW            6    .data               can.o
    0x20000061   0x00000003   PAD
    0x20000064   0x00000048   Data   RW           82    .data               display.o
    0x200000ac   0x00000004   Data   RW           83    .data               display.o
    0x200000b0   0x00000004   Data   RW           84    .data               display.o
    0x200000b4   0x00000004   Data   RW           85    .data               display.o
    0x200000b8   0x00000018   Data   RW           86    .data               display.o
    0x200000d0   0x00000064   Data   RW          104    .data               function.o
    0x20000134   0x00000001   Data   RW          138    .data               main.o
    0x20000135   0x00000003   PAD
    0x20000138   0x00000144   Data   RW          355    .data               scroll_v.o
    0x2000027c   0x00000118   Zero   RW            2    .bss                can.o
    0x20000394   0x00000098   Zero   RW           70    .bss                display.o
    0x2000042c   0x0000000c   Zero   RW           71    .bss                display.o
    0x20000438   0x00000010   Zero   RW          102    .bss                function.o
    0x20000448   0x00000060   Zero   RW         1540    .bss                c_w.l(libspace.o)
    0x200004a8   0x00000000   Zero   RW          383    HEAP                startup_rvmdk.o
    0x200004a8   0x00000400   Zero   RW          382    STACK               startup_rvmdk.o


==============================================================================

Image component sizes


      Code (inc. data)   RO Data    RW Data    ZI Data      Debug   Object Name

       836         52          0         97        280      12817   can.o
       752         42       3084        108        164       3512   display.o
       896         64        552        100         16       4737   function.o
       848         48        128          1          0       2397   main.o
       892         62       6656        324          0       7875   scroll_v.o
       672        636          0          0       1024        540   startup_rvmdk.o
        22          0          0          0          0        589   sysclock.o

    ----------------------------------------------------------------------
      4920        904      10452        636       1484      32467   Object Totals
         0          0         32          0          0          0   (incl. Generated)
         2          0          0          6          0          0   (incl. Padding)

    ----------------------------------------------------------------------

      Code (inc. data)   RO Data    RW Data    ZI Data      Debug   Library Member Name

        90          0          0          0          0          0   __dczerorl2.o
         8          0          0          0          0         68   __main.o
        52          8          0          0          0          0   __scatter.o
        28          0          0          0          0          0   __scatter_zi.o
        12          0          0          0          0         72   exit.o
         6          0          0          0          0        152   heapauxi.o
         0          0          0          0          0          0   indicate_semi.o
         2          0          0          0          0          0   libinit.o
         6          0          0          0          0          0   libinit2.o
         2          0          0          0          0          0   libshutdown.o
         2          0          0          0          0          0   libshutdown2.o
         8          4          0          0         96         68   libspace.o
         0          0          0          0          0          0   rtentry.o
        12          0          0          0          0          0   rtentry2.o
         6          0          0          0          0          0   rtentry4.o
         2          0          0          0          0          0   rtexit.o
        10          0          0          0          0          0   rtexit2.o
        12          4          0          0          0         68   sys_exit.o
        74          0          0          0          0         80   sys_stackheap_outer.o
         2          0          0          0          0         68   use_no_semi.o
      1070         10         32          0          0      12793   can.o
        38          0          0          0          0        572   cpu.o
       516          8        552          0          0       5664   gpio.o
       114          8        268          0          0       2042   interrupt.o
       734         62        596          0          0       4975   sysctl.o
        38          0          0          0          0       1410   systick.o
        30          0          0          0          0       1950   watchdog.o
        10          0          0          0          0        116   fpinit.o

    ----------------------------------------------------------------------
      2900        104       1448          0         96      30098   Library Totals
        16          0          0          0          0          0   (incl. Padding)

    ----------------------------------------------------------------------

      Code (inc. data)   RO Data    RW Data    ZI Data      Debug   Library Name

       334         16          0          0         96        576   c_w.l
      2540         88       1448          0          0      29406   driverlib.lib
        10          0          0          0          0        116   fz_wm.l

    ----------------------------------------------------------------------
      2900        104       1448          0         96      30098   Library Totals

    ----------------------------------------------------------------------

==============================================================================


      Code (inc. data)   RO Data    RW Data    ZI Data      Debug   

      7820       1008      11900        636       1580      58809   Grand Totals
      7820       1008      11900        284       1580      58809   ELF Image Totals (compressed)
      7820       1008      11900        284          0          0   ROM Totals

==============================================================================

    Total RO  Size (Code + RO Data)                19720 (  19.26kB)
    Total RW  Size (RW Data + ZI Data)              2216 (   2.16kB)
    Total ROM Size (Code + RO Data + RW Data)      20004 (  19.54kB)

==============================================================================

