<html>
<body>
<pre>
<h1>µVision Build Log</h1>
<h2>Project:</h2>
D:\TU LIEU CONG VIEC\THIEN NAM\FIMWARE M4 KIEL V5\SHC211 - TEST\SHC211.uvproj
Project File Date:  01/04/2019

<h2>Output:</h2>
Rebuild target 'Target 1'
compiling can.c...
compiling display.c...
compiling function.c...
compiling main.c...
compiling scroll_h.c...
compiling scroll_v.c...
compiling sysclock.c...
assembling startup_rvmdk.S...
linking...
Program Size: Code=7820 RO-data=11900 RW-data=636 ZI-data=1580  
".\out\SHC211.axf" - 0 Error(s), 0 Warning(s).
Load "D:\\TU LIEU CONG VIEC\\THIEN NAM\\FIMWARE M4 KIEL V5\\SHC211 - TEST\\out\\SHC211.axf" 
Set JLink Project File to "D:\TU LIEU CONG VIEC\THIEN NAM\FIMWARE M4 KIEL V5\SHC211 - TEST\JLinkSettings.ini"
* JLink Info: Device "TM4C123AE6PM" selected (128 KB flash, 32 KB RAM).
 
JLink info:
------------
DLL: V4.80g, compiled Feb 13 2014 20:50:02
Firmware: J-Link ARM V8 compiled Dec  1 2015 11:42:48
Hardware: V8.00
S/N : 20080643 
Feature(s) : RDI,FlashDL,FlashBP,JFlash,GDBFull 
 
* JLink Info: TotalIRLen = 4, IRPrint = 0x01
* JLink Info: Found Cortex-M4 r0p1, Little endian.
* JLink Info: FPUnit: 6 code (BP) slots and 2 literal slots
* JLink Info: TPIU fitted.
* JLink Info: ETM fitted.
ROMTableAddr = 0xE00FF003
 
Target info:
------------
Device: TM4C123AE6PM
VTarget = 3.287V
State of Pins: 
TCK: 1, TDI: 0, TDO: 1, TMS: 0, TRES: 1, TRST: 1
Hardware-Breakpoints: 6
Software-Breakpoints: 8192
Watchpoints:          4
JTAG speed: 4800 kHz
 
Full Chip Erase Done.
Programming Done.
Verify OK.
Application running ...
Load "D:\\TU LIEU CONG VIEC\\THIEN NAM\\FIMWARE M4 KIEL V5\\SHC211 - TEST\\out\\SHC211.axf" 
Set JLink Project File to "D:\TU LIEU CONG VIEC\THIEN NAM\FIMWARE M4 KIEL V5\SHC211 - TEST\JLinkSettings.ini"
* JLink Info: Device "TM4C123AE6PM" selected (128 KB flash, 32 KB RAM).
 
JLink info:
------------
DLL: V4.80g, compiled Feb 13 2014 20:50:02
Firmware: J-Link ARM V8 compiled Dec  1 2015 11:42:48
Hardware: V8.00
S/N : 20080643 
Feature(s) : RDI,FlashDL,FlashBP,JFlash,GDBFull 
 
* JLink Info: TotalIRLen = 4, IRPrint = 0x01
* JLink Info: Found Cortex-M4 r0p1, Little endian.
* JLink Info: FPUnit: 6 code (BP) slots and 2 literal slots
* JLink Info: TPIU fitted.
* JLink Info: ETM fitted.
ROMTableAddr = 0xE00FF003
 
Target info:
------------
Device: TM4C123AE6PM
VTarget = 3.280V
State of Pins: 
TCK: 1, TDI: 0, TDO: 1, TMS: 0, TRES: 1, TRST: 1
Hardware-Breakpoints: 6
Software-Breakpoints: 8192
Watchpoints:          4
JTAG speed: 4800 kHz
 
Full Chip Erase Done.
Programming Done.
Verify OK.
Application running ...
Load "D:\\TU LIEU CONG VIEC\\THIEN NAM\\FIMWARE M4 KIEL V5\\SHC211 - TEST\\out\\SHC211.axf" 
Set JLink Project File to "D:\TU LIEU CONG VIEC\THIEN NAM\FIMWARE M4 KIEL V5\SHC211 - TEST\JLinkSettings.ini"
* JLink Info: Device "TM4C123AE6PM" selected (128 KB flash, 32 KB RAM).
 
JLink info:
------------
DLL: V4.80g, compiled Feb 13 2014 20:50:02
Firmware: J-Link ARM V8 compiled Dec  1 2015 11:42:48
Hardware: V8.00
S/N : 20080643 
Feature(s) : RDI,FlashDL,FlashBP,JFlash,GDBFull 
 
* JLink Info: TotalIRLen = 4, IRPrint = 0x01
* JLink Info: Found Cortex-M4 r0p1, Little endian.
* JLink Info: FPUnit: 6 code (BP) slots and 2 literal slots
* JLink Info: TPIU fitted.
* JLink Info: ETM fitted.
ROMTableAddr = 0xE00FF003
 
Target info:
------------
Device: TM4C123AE6PM
VTarget = 3.287V
State of Pins: 
TCK: 1, TDI: 0, TDO: 1, TMS: 0, TRES: 1, TRST: 1
Hardware-Breakpoints: 6
Software-Breakpoints: 8192
Watchpoints:          4
JTAG speed: 4800 kHz
 
Full Chip Erase Done.
Programming Done.
Verify OK.
Application running ...
Load "D:\\TU LIEU CONG VIEC\\THIEN NAM\\FIMWARE M4 KIEL V5\\SHC211 - TEST\\out\\SHC211.axf" 
Set JLink Project File to "D:\TU LIEU CONG VIEC\THIEN NAM\FIMWARE M4 KIEL V5\SHC211 - TEST\JLinkSettings.ini"
* JLink Info: Device "TM4C123AE6PM" selected (128 KB flash, 32 KB RAM).
 
JLink info:
------------
DLL: V4.80g, compiled Feb 13 2014 20:50:02
Firmware: J-Link ARM V8 compiled Dec  1 2015 11:42:48
Hardware: V8.00
S/N : 20080643 
Feature(s) : RDI,FlashDL,FlashBP,JFlash,GDBFull 
 
* JLink Info: TotalIRLen = 4, IRPrint = 0x01
* JLink Info: Found Cortex-M4 r0p1, Little endian.
* JLink Info: FPUnit: 6 code (BP) slots and 2 literal slots
* JLink Info: TPIU fitted.
* JLink Info: ETM fitted.
ROMTableAddr = 0xE00FF003
 
Target info:
------------
Device: TM4C123AE6PM
VTarget = 3.287V
State of Pins: 
TCK: 1, TDI: 0, TDO: 1, TMS: 0, TRES: 1, TRST: 1
Hardware-Breakpoints: 6
Software-Breakpoints: 8192
Watchpoints:          4
JTAG speed: 4800 kHz
 
Full Chip Erase Done.
Programming Done.
Verify OK.
Application running ...
Load "D:\\TU LIEU CONG VIEC\\THIEN NAM\\FIMWARE M4 KIEL V5\\SHC211 - TEST\\out\\SHC211.axf" 
Set JLink Project File to "D:\TU LIEU CONG VIEC\THIEN NAM\FIMWARE M4 KIEL V5\SHC211 - TEST\JLinkSettings.ini"
* JLink Info: Device "TM4C123AE6PM" selected (128 KB flash, 32 KB RAM).
 
JLink info:
------------
DLL: V4.80g, compiled Feb 13 2014 20:50:02
Firmware: J-Link ARM V8 compiled Dec  1 2015 11:42:48
Hardware: V8.00
S/N : 20080643 
Feature(s) : RDI,FlashDL,FlashBP,JFlash,GDBFull 
 
* JLink Info: TotalIRLen = 4, IRPrint = 0x01
* JLink Info: Found Cortex-M4 r0p1, Little endian.
* JLink Info: FPUnit: 6 code (BP) slots and 2 literal slots
* JLink Info: TPIU fitted.
* JLink Info: ETM fitted.
ROMTableAddr = 0xE00FF003
 
Target info:
------------
Device: TM4C123AE6PM
VTarget = 3.287V
State of Pins: 
TCK: 1, TDI: 0, TDO: 1, TMS: 0, TRES: 1, TRST: 1
Hardware-Breakpoints: 6
Software-Breakpoints: 8192
Watchpoints:          4
JTAG speed: 4800 kHz
 
Full Chip Erase Done.
Programming Done.
Verify OK.
Application running ...
Load "D:\\TU LIEU CONG VIEC\\THIEN NAM\\FIMWARE M4 KIEL V5\\SHC211 - TEST\\out\\SHC211.axf" 
Set JLink Project File to "D:\TU LIEU CONG VIEC\THIEN NAM\FIMWARE M4 KIEL V5\SHC211 - TEST\JLinkSettings.ini"
* JLink Info: Device "TM4C123AE6PM" selected (128 KB flash, 32 KB RAM).
 
JLink info:
------------
DLL: V4.80g, compiled Feb 13 2014 20:50:02
Firmware: J-Link ARM V8 compiled Dec  1 2015 11:42:48
Hardware: V8.00
S/N : 20080643 
Feature(s) : RDI,FlashDL,FlashBP,JFlash,GDBFull 
 
* JLink Info: TotalIRLen = 4, IRPrint = 0x01
* JLink Info: Found Cortex-M4 r0p1, Little endian.
* JLink Info: FPUnit: 6 code (BP) slots and 2 literal slots
* JLink Info: TPIU fitted.
* JLink Info: ETM fitted.
ROMTableAddr = 0xE00FF003
 
Target info:
------------
Device: TM4C123AE6PM
VTarget = 3.287V
State of Pins: 
TCK: 1, TDI: 0, TDO: 1, TMS: 0, TRES: 1, TRST: 1
Hardware-Breakpoints: 6
Software-Breakpoints: 8192
Watchpoints:          4
JTAG speed: 4800 kHz
 
Full Chip Erase Done.
Programming Done.
Verify OK.
Application running ...
Load "D:\\TU LIEU CONG VIEC\\THIEN NAM\\FIMWARE M4 KIEL V5\\SHC211 - TEST\\out\\SHC211.axf" 
Set JLink Project File to "D:\TU LIEU CONG VIEC\THIEN NAM\FIMWARE M4 KIEL V5\SHC211 - TEST\JLinkSettings.ini"
* JLink Info: Device "TM4C123AE6PM" selected (128 KB flash, 32 KB RAM).
 
JLink info:
------------
DLL: V4.80g, compiled Feb 13 2014 20:50:02
Firmware: J-Link ARM V8 compiled Dec  1 2015 11:42:48
Hardware: V8.00
S/N : 20080643 
Feature(s) : RDI,FlashDL,FlashBP,JFlash,GDBFull 
 
* JLink Info: Could not measure total IR len. TDO is constant high.
Error: Flash Download failed  -  Target DLL has been cancelled
Load "D:\\TU LIEU CONG VIEC\\THIEN NAM\\FIMWARE M4 KIEL V5\\SHC211 - TEST\\out\\SHC211.axf" 
Set JLink Project File to "D:\TU LIEU CONG VIEC\THIEN NAM\FIMWARE M4 KIEL V5\SHC211 - TEST\JLinkSettings.ini"
* JLink Info: Device "TM4C123AE6PM" selected (128 KB flash, 32 KB RAM).
 
JLink info:
------------
DLL: V4.80g, compiled Feb 13 2014 20:50:02
Firmware: J-Link ARM V8 compiled Dec  1 2015 11:42:48
Hardware: V8.00
S/N : 20080643 
Feature(s) : RDI,FlashDL,FlashBP,JFlash,GDBFull 
 
* JLink Info: TotalIRLen = ?, IRPrint = 0x..000000000000000000000000
Error: Flash Download failed  -  Target DLL has been cancelled
Load "D:\\TU LIEU CONG VIEC\\THIEN NAM\\FIMWARE M4 KIEL V5\\SHC211 - TEST\\out\\SHC211.axf" 
Set JLink Project File to "D:\TU LIEU CONG VIEC\THIEN NAM\FIMWARE M4 KIEL V5\SHC211 - TEST\JLinkSettings.ini"
* JLink Info: Device "TM4C123AE6PM" selected (128 KB flash, 32 KB RAM).
 
JLink info:
------------
DLL: V4.80g, compiled Feb 13 2014 20:50:02
Firmware: J-Link ARM V8 compiled Dec  1 2015 11:42:48
Hardware: V8.00
S/N : 20080643 
Feature(s) : RDI,FlashDL,FlashBP,JFlash,GDBFull 
 
* JLink Info: TotalIRLen = 4, IRPrint = 0x01
* JLink Info: Found Cortex-M4 r0p1, Little endian.
* JLink Info: FPUnit: 6 code (BP) slots and 2 literal slots
* JLink Info: TPIU fitted.
* JLink Info: ETM fitted.
ROMTableAddr = 0xE00FF003
 
Target info:
------------
Device: TM4C123AE6PM
VTarget = 3.287V
State of Pins: 
TCK: 1, TDI: 0, TDO: 1, TMS: 0, TRES: 1, TRST: 1
Hardware-Breakpoints: 6
Software-Breakpoints: 8192
Watchpoints:          4
JTAG speed: 4800 kHz
 
Full Chip Erase Done.
Programming Done.
Verify OK.
Application running ...
Load "D:\\TU LIEU CONG VIEC\\THIEN NAM\\FIMWARE M4 KIEL V5\\SHC211 - TEST\\out\\SHC211.axf" 
Set JLink Project File to "D:\TU LIEU CONG VIEC\THIEN NAM\FIMWARE M4 KIEL V5\SHC211 - TEST\JLinkSettings.ini"
* JLink Info: Device "TM4C123AE6PM" selected (128 KB flash, 32 KB RAM).
 
JLink info:
------------
DLL: V4.80g, compiled Feb 13 2014 20:50:02
Firmware: J-Link ARM V8 compiled Dec  1 2015 11:42:48
Hardware: V8.00
S/N : 20080643 
Feature(s) : RDI,FlashDL,FlashBP,JFlash,GDBFull 
 
* JLink Info: TotalIRLen = 4, IRPrint = 0x01
* JLink Info: Found Cortex-M4 r0p1, Little endian.
* JLink Info: FPUnit: 6 code (BP) slots and 2 literal slots
* JLink Info: TPIU fitted.
* JLink Info: ETM fitted.
ROMTableAddr = 0xE00FF003
 
Target info:
------------
Device: TM4C123AE6PM
VTarget = 3.287V
State of Pins: 
TCK: 1, TDI: 0, TDO: 1, TMS: 0, TRES: 1, TRST: 1
Hardware-Breakpoints: 6
Software-Breakpoints: 8192
Watchpoints:          4
JTAG speed: 4800 kHz
 
Full Chip Erase Done.
Programming Done.
Verify OK.
Application running ...
Load "D:\\TU LIEU CONG VIEC\\THIEN NAM\\FIMWARE M4 KIEL V5\\SHC211 - TEST\\out\\SHC211.axf" 
Set JLink Project File to "D:\TU LIEU CONG VIEC\THIEN NAM\FIMWARE M4 KIEL V5\SHC211 - TEST\JLinkSettings.ini"
* JLink Info: Device "TM4C123AE6PM" selected (128 KB flash, 32 KB RAM).
 
JLink info:
------------
DLL: V4.80g, compiled Feb 13 2014 20:50:02
Firmware: J-Link ARM V8 compiled Dec  1 2015 11:42:48
Hardware: V8.00
S/N : 20080643 
Feature(s) : RDI,FlashDL,FlashBP,JFlash,GDBFull 
 
* JLink Info: TotalIRLen = 4, IRPrint = 0x01
* JLink Info: Found Cortex-M4 r0p1, Little endian.
* JLink Info: FPUnit: 6 code (BP) slots and 2 literal slots
* JLink Info: TPIU fitted.
* JLink Info: ETM fitted.
ROMTableAddr = 0xE00FF003
 
Target info:
------------
Device: TM4C123AE6PM
VTarget = 3.287V
State of Pins: 
TCK: 1, TDI: 0, TDO: 1, TMS: 0, TRES: 1, TRST: 1
Hardware-Breakpoints: 6
Software-Breakpoints: 8192
Watchpoints:          4
JTAG speed: 4800 kHz
 
Full Chip Erase Done.
Programming Done.
Verify OK.
Application running ...
Load "D:\\TU LIEU CONG VIEC\\THIEN NAM\\FIMWARE M4 KIEL V5\\SHC211 - TEST\\out\\SHC211.axf" 
Set JLink Project File to "D:\TU LIEU CONG VIEC\THIEN NAM\FIMWARE M4 KIEL V5\SHC211 - TEST\JLinkSettings.ini"
* JLink Info: Device "TM4C123AE6PM" selected (128 KB flash, 32 KB RAM).
 
JLink info:
------------
DLL: V4.80g, compiled Feb 13 2014 20:50:02
Firmware: J-Link ARM V8 compiled Dec  1 2015 11:42:48
Hardware: V8.00
S/N : 20080643 
Feature(s) : RDI,FlashDL,FlashBP,JFlash,GDBFull 
 
* JLink Info: TotalIRLen = 4, IRPrint = 0x01
* JLink Info: Found Cortex-M4 r0p1, Little endian.
* JLink Info: FPUnit: 6 code (BP) slots and 2 literal slots
* JLink Info: TPIU fitted.
* JLink Info: ETM fitted.
ROMTableAddr = 0xE00FF003
 
Target info:
------------
Device: TM4C123AE6PM
VTarget = 3.287V
State of Pins: 
TCK: 1, TDI: 0, TDO: 1, TMS: 0, TRES: 1, TRST: 1
Hardware-Breakpoints: 6
Software-Breakpoints: 8192
Watchpoints:          4
JTAG speed: 4800 kHz
 
Full Chip Erase Done.
Programming Done.
Verify OK.
Application running ...
Load "D:\\TU LIEU CONG VIEC\\THIEN NAM\\FIMWARE M4 KIEL V5\\SHC211 - TEST\\out\\SHC211.axf" 
Set JLink Project File to "D:\TU LIEU CONG VIEC\THIEN NAM\FIMWARE M4 KIEL V5\SHC211 - TEST\JLinkSettings.ini"
* JLink Info: Device "TM4C123AE6PM" selected (128 KB flash, 32 KB RAM).
 
JLink info:
------------
DLL: V4.80g, compiled Feb 13 2014 20:50:02
Firmware: J-Link ARM V8 compiled Dec  1 2015 11:42:48
Hardware: V8.00
S/N : 20080643 
Feature(s) : RDI,FlashDL,FlashBP,JFlash,GDBFull 
 
* JLink Info: TotalIRLen = 4, IRPrint = 0x01
* JLink Info: Found Cortex-M4 r0p1, Little endian.
* JLink Info: FPUnit: 6 code (BP) slots and 2 literal slots
* JLink Info: TPIU fitted.
* JLink Info: ETM fitted.
ROMTableAddr = 0xE00FF003
 
Target info:
------------
Device: TM4C123AE6PM
VTarget = 3.287V
State of Pins: 
TCK: 1, TDI: 0, TDO: 1, TMS: 0, TRES: 1, TRST: 1
Hardware-Breakpoints: 6
Software-Breakpoints: 8192
Watchpoints:          4
JTAG speed: 4800 kHz
 
Full Chip Erase Done.
Programming Done.
Verify OK.
Application running ...
Load "D:\\TU LIEU CONG VIEC\\THIEN NAM\\FIMWARE M4 KIEL V5\\SHC211 - TEST\\out\\SHC211.axf" 
Set JLink Project File to "D:\TU LIEU CONG VIEC\THIEN NAM\FIMWARE M4 KIEL V5\SHC211 - TEST\JLinkSettings.ini"
* JLink Info: Device "TM4C123AE6PM" selected (128 KB flash, 32 KB RAM).
 
JLink info:
------------
DLL: V4.80g, compiled Feb 13 2014 20:50:02
Firmware: J-Link ARM V8 compiled Dec  1 2015 11:42:48
Hardware: V8.00
S/N : 20080643 
Feature(s) : RDI,FlashDL,FlashBP,JFlash,GDBFull 
 
* JLink Info: TotalIRLen = 4, IRPrint = 0x01
* JLink Info: Found Cortex-M4 r0p1, Little endian.
* JLink Info: FPUnit: 6 code (BP) slots and 2 literal slots
* JLink Info: TPIU fitted.
* JLink Info: ETM fitted.
ROMTableAddr = 0xE00FF003
 
Target info:
------------
Device: TM4C123AE6PM
VTarget = 3.287V
State of Pins: 
TCK: 1, TDI: 0, TDO: 1, TMS: 0, TRES: 1, TRST: 1
Hardware-Breakpoints: 6
Software-Breakpoints: 8192
Watchpoints:          4
JTAG speed: 4800 kHz
 
Full Chip Erase Done.
Programming Done.
Verify OK.
Application running ...
Load "D:\\TU LIEU CONG VIEC\\THIEN NAM\\FIMWARE M4 KIEL V5\\SHC211 - TEST\\out\\SHC211.axf" 
Set JLink Project File to "D:\TU LIEU CONG VIEC\THIEN NAM\FIMWARE M4 KIEL V5\SHC211 - TEST\JLinkSettings.ini"
* JLink Info: Device "TM4C123AE6PM" selected (128 KB flash, 32 KB RAM).
 
JLink info:
------------
DLL: V4.80g, compiled Feb 13 2014 20:50:02
Firmware: J-Link ARM V8 compiled Dec  1 2015 11:42:48
Hardware: V8.00
S/N : 20080643 
Feature(s) : RDI,FlashDL,FlashBP,JFlash,GDBFull 
 
* JLink Info: TotalIRLen = 4, IRPrint = 0x01
* JLink Info: Found Cortex-M4 r0p1, Little endian.
* JLink Info: FPUnit: 6 code (BP) slots and 2 literal slots
* JLink Info: TPIU fitted.
* JLink Info: ETM fitted.
ROMTableAddr = 0xE00FF003
 
Target info:
------------
Device: TM4C123AE6PM
VTarget = 3.287V
State of Pins: 
TCK: 1, TDI: 0, TDO: 1, TMS: 0, TRES: 1, TRST: 1
Hardware-Breakpoints: 6
Software-Breakpoints: 8192
Watchpoints:          4
JTAG speed: 4800 kHz
 
Full Chip Erase Done.
Programming Done.
Verify OK.
Application running ...
Load "D:\\TU LIEU CONG VIEC\\THIEN NAM\\FIMWARE M4 KIEL V5\\SHC211 - TEST\\out\\SHC211.axf" 
Set JLink Project File to "D:\TU LIEU CONG VIEC\THIEN NAM\FIMWARE M4 KIEL V5\SHC211 - TEST\JLinkSettings.ini"
* JLink Info: Device "TM4C123AE6PM" selected (128 KB flash, 32 KB RAM).
 
JLink info:
------------
DLL: V4.80g, compiled Feb 13 2014 20:50:02
Firmware: J-Link ARM V8 compiled Dec  1 2015 11:42:48
Hardware: V8.00
S/N : 20080643 
Feature(s) : RDI,FlashDL,FlashBP,JFlash,GDBFull 
 
* JLink Info: TotalIRLen = 4, IRPrint = 0x01
* JLink Info: Found Cortex-M4 r0p1, Little endian.
* JLink Info: FPUnit: 6 code (BP) slots and 2 literal slots
* JLink Info: TPIU fitted.
* JLink Info: ETM fitted.
ROMTableAddr = 0xE00FF003
 
Target info:
------------
Device: TM4C123AE6PM
VTarget = 3.287V
State of Pins: 
TCK: 1, TDI: 0, TDO: 1, TMS: 0, TRES: 1, TRST: 1
Hardware-Breakpoints: 6
Software-Breakpoints: 8192
Watchpoints:          4
JTAG speed: 4800 kHz
 
Full Chip Erase Done.
Programming Done.
Verify OK.
Application running ...
Load "D:\\TU LIEU CONG VIEC\\THIEN NAM\\FIMWARE M4 KIEL V5\\SHC211 - TEST\\out\\SHC211.axf" 
Set JLink Project File to "D:\TU LIEU CONG VIEC\THIEN NAM\FIMWARE M4 KIEL V5\SHC211 - TEST\JLinkSettings.ini"
* JLink Info: Device "TM4C123AE6PM" selected (128 KB flash, 32 KB RAM).
 
JLink info:
------------
DLL: V4.80g, compiled Feb 13 2014 20:50:02
Firmware: J-Link ARM V8 compiled Dec  1 2015 11:42:48
Hardware: V8.00
S/N : 20080643 
Feature(s) : RDI,FlashDL,FlashBP,JFlash,GDBFull 
 
* JLink Info: TotalIRLen = 4, IRPrint = 0x01
* JLink Info: Found Cortex-M4 r0p1, Little endian.
* JLink Info: FPUnit: 6 code (BP) slots and 2 literal slots
* JLink Info: TPIU fitted.
* JLink Info: ETM fitted.
ROMTableAddr = 0xE00FF003
 
Target info:
------------
Device: TM4C123AE6PM
VTarget = 3.287V
State of Pins: 
TCK: 1, TDI: 0, TDO: 1, TMS: 0, TRES: 1, TRST: 1
Hardware-Breakpoints: 6
Software-Breakpoints: 8192
Watchpoints:          4
JTAG speed: 4800 kHz
 
Full Chip Erase Done.
Programming Done.
Verify OK.
Application running ...
Load "D:\\TU LIEU CONG VIEC\\THIEN NAM\\FIMWARE M4 KIEL V5\\SHC211 - TEST\\out\\SHC211.axf" 
Set JLink Project File to "D:\TU LIEU CONG VIEC\THIEN NAM\FIMWARE M4 KIEL V5\SHC211 - TEST\JLinkSettings.ini"
* JLink Info: Device "TM4C123AE6PM" selected (128 KB flash, 32 KB RAM).
 
JLink info:
------------
DLL: V4.80g, compiled Feb 13 2014 20:50:02
Firmware: J-Link ARM V8 compiled Dec  1 2015 11:42:48
Hardware: V8.00
S/N : 20080643 
Feature(s) : RDI,FlashDL,FlashBP,JFlash,GDBFull 
 
* JLink Info: TotalIRLen = 4, IRPrint = 0x01
* JLink Info: Found Cortex-M4 r0p1, Little endian.
* JLink Info: FPUnit: 6 code (BP) slots and 2 literal slots
* JLink Info: TPIU fitted.
* JLink Info: ETM fitted.
ROMTableAddr = 0xE00FF003
 
Target info:
------------
Device: TM4C123AE6PM
VTarget = 3.287V
State of Pins: 
TCK: 1, TDI: 0, TDO: 1, TMS: 0, TRES: 1, TRST: 1
Hardware-Breakpoints: 6
Software-Breakpoints: 8192
Watchpoints:          4
JTAG speed: 4800 kHz
 
Full Chip Erase Done.
Programming Done.
Verify OK.
Application running ...
Load "D:\\TU LIEU CONG VIEC\\THIEN NAM\\FIMWARE M4 KIEL V5\\SHC211 - TEST\\out\\SHC211.axf" 
Set JLink Project File to "D:\TU LIEU CONG VIEC\THIEN NAM\FIMWARE M4 KIEL V5\SHC211 - TEST\JLinkSettings.ini"
* JLink Info: Device "TM4C123AE6PM" selected (128 KB flash, 32 KB RAM).
 
JLink info:
------------
DLL: V4.80g, compiled Feb 13 2014 20:50:02
Firmware: J-Link ARM V8 compiled Dec  1 2015 11:42:48
Hardware: V8.00
S/N : 20080643 
Feature(s) : RDI,FlashDL,FlashBP,JFlash,GDBFull 
 
* JLink Info: TotalIRLen = 4, IRPrint = 0x01
* JLink Info: Found Cortex-M4 r0p1, Little endian.
* JLink Info: FPUnit: 6 code (BP) slots and 2 literal slots
* JLink Info: TPIU fitted.
* JLink Info: ETM fitted.
ROMTableAddr = 0xE00FF003
 
Target info:
------------
Device: TM4C123AE6PM
VTarget = 3.287V
State of Pins: 
TCK: 1, TDI: 0, TDO: 1, TMS: 0, TRES: 1, TRST: 1
Hardware-Breakpoints: 6
Software-Breakpoints: 8192
Watchpoints:          4
JTAG speed: 4800 kHz
 
Full Chip Erase Done.
Programming Done.
Verify OK.
Application running ...
Load "D:\\TU LIEU CONG VIEC\\THIEN NAM\\FIMWARE M4 KIEL V5\\SHC211 - TEST\\out\\SHC211.axf" 
Set JLink Project File to "D:\TU LIEU CONG VIEC\THIEN NAM\FIMWARE M4 KIEL V5\SHC211 - TEST\JLinkSettings.ini"
* JLink Info: Device "TM4C123AE6PM" selected (128 KB flash, 32 KB RAM).
 
JLink info:
------------
DLL: V4.80g, compiled Feb 13 2014 20:50:02
Firmware: J-Link ARM V8 compiled Dec  1 2015 11:42:48
Hardware: V8.00
S/N : 20080643 
Feature(s) : RDI,FlashDL,FlashBP,JFlash,GDBFull 
 
* JLink Info: TotalIRLen = 4, IRPrint = 0x01
* JLink Info: Found Cortex-M4 r0p1, Little endian.
* JLink Info: FPUnit: 6 code (BP) slots and 2 literal slots
* JLink Info: TPIU fitted.
* JLink Info: ETM fitted.
ROMTableAddr = 0xE00FF003
 
Target info:
------------
Device: TM4C123AE6PM
VTarget = 3.274V
State of Pins: 
TCK: 1, TDI: 0, TDO: 1, TMS: 0, TRES: 1, TRST: 1
Hardware-Breakpoints: 6
Software-Breakpoints: 8192
Watchpoints:          4
JTAG speed: 4800 kHz
 
Full Chip Erase Done.
Programming Done.
Verify OK.
Application running ...
Load "D:\\TU LIEU CONG VIEC\\THIEN NAM\\FIMWARE M4 KIEL V5\\SHC211 - TEST\\out\\SHC211.axf" 
Set JLink Project File to "D:\TU LIEU CONG VIEC\THIEN NAM\FIMWARE M4 KIEL V5\SHC211 - TEST\JLinkSettings.ini"
* JLink Info: Device "TM4C123AE6PM" selected (128 KB flash, 32 KB RAM).
 
JLink info:
------------
DLL: V4.80g, compiled Feb 13 2014 20:50:02
Firmware: J-Link ARM V8 compiled Dec  1 2015 11:42:48
Hardware: V8.00
S/N : 20080643 
Feature(s) : RDI,FlashDL,FlashBP,JFlash,GDBFull 
 
* JLink Info: TotalIRLen = 4, IRPrint = 0x01
* JLink Info: Found Cortex-M4 r0p1, Little endian.
* JLink Info: FPUnit: 6 code (BP) slots and 2 literal slots
* JLink Info: TPIU fitted.
* JLink Info: ETM fitted.
ROMTableAddr = 0xE00FF003
 
Target info:
------------
Device: TM4C123AE6PM
VTarget = 3.287V
State of Pins: 
TCK: 1, TDI: 0, TDO: 1, TMS: 0, TRES: 1, TRST: 1
Hardware-Breakpoints: 6
Software-Breakpoints: 8192
Watchpoints:          4
JTAG speed: 4800 kHz
 
Full Chip Erase Done.
Programming Done.
Verify OK.
Application running ...
</pre>
</body>
</html>
